10:05:05 **** Clean-only build of configuration Debug for project 767_SPI_ILI9341_2 ****
make -j8 clean 
rm -rf ./Drivers/STM32F7xx_HAL_Driver/Src/stm32f7xx_hal.cyclo ./Drivers/STM32F7xx_HAL_Driver/Src/stm32f7xx_hal.d ./Drivers/STM32F7xx_HAL_Driver/Src/stm32f7xx_hal.o ./Drivers/STM32F7xx_HAL_Driver/Src/stm32f7xx_hal.su ./Drivers/STM32F7xx_HAL_Driver/Src/stm32f7xx_hal_cortex.cyclo ./Drivers/STM32F7xx_HAL_Driver/Src/stm32f7xx_hal_cortex.d ./Drivers/STM32F7xx_HAL_Driver/Src/stm32f7xx_hal_cortex.o ./Drivers/STM32F7xx_HAL_Driver/Src/stm32f7xx_hal_cortex.su ./Drivers/STM32F7xx_HAL_Driver/Src/stm32f7xx_hal_dma.cyclo ./Drivers/STM32F7xx_HAL_Driver/Src/stm32f7xx_hal_dma.d ./Drivers/STM32F7xx_HAL_Driver/Src/stm32f7xx_hal_dma.o ./Drivers/STM32F7xx_HAL_Driver/Src/stm32f7xx_hal_dma.su ./Drivers/STM32F7xx_HAL_Driver/Src/stm32f7xx_hal_dma_ex.cyclo ./Drivers/STM32F7xx_HAL_Driver/Src/stm32f7xx_hal_dma_ex.d ./Drivers/STM32F7xx_HAL_Driver/Src/stm32f7xx_hal_dma_ex.o ./Drivers/STM32F7xx_HAL_Driver/Src/stm32f7xx_hal_dma_ex.su ./Drivers/STM32F7xx_HAL_Driver/Src/stm32f7xx_hal_exti.cyclo ./Drivers/STM32F7xx_HAL_Driver/Src/stm32f7xx_hal_exti.d ./Drivers/STM32F7xx_HAL_Driver/Src/stm32f7xx_hal_exti.o ./Drivers/STM32F7xx_HAL_Driver/Src/stm32f7xx_hal_exti.su ./Drivers/STM32F7xx_HAL_Driver/Src/stm32f7xx_hal_flash.cyclo ./Drivers/STM32F7xx_HAL_Driver/Src/stm32f7xx_hal_flash.d ./Drivers/STM32F7xx_HAL_Driver/Src/stm32f7xx_hal_flash.o ./Drivers/STM32F7xx_HAL_Driver/Src/stm32f7xx_hal_flash.su ./Drivers/STM32F7xx_HAL_Driver/Src/stm32f7xx_hal_flash_ex.cyclo ./Drivers/STM32F7xx_HAL_Driver/Src/stm32f7xx_hal_flash_ex.d ./Drivers/STM32F7xx_HAL_Driver/Src/stm32f7xx_hal_flash_ex.o ./Drivers/STM32F7xx_HAL_Driver/Src/stm32f7xx_hal_flash_ex.su ./Drivers/STM32F7xx_HAL_Driver/Src/stm32f7xx_hal_gpio.cyclo ./Drivers/STM32F7xx_HAL_Driver/Src/stm32f7xx_hal_gpio.d ./Drivers/STM32F7xx_HAL_Driver/Src/stm32f7xx_hal_gpio.o ./Drivers/STM32F7xx_HAL_Driver/Src/stm32f7xx_hal_gpio.su ./Drivers/STM32F7xx_HAL_Driver/Src/stm32f7xx_hal_i2c.cyclo ./Drivers/STM32F7xx_HAL_Driver/Src/stm32f7xx_hal_i2c.d ./Drivers/STM32F7xx_HAL_Driver/Src/stm32f7xx_hal_i2c.o ./Drivers/STM32F7xx_HAL_Driver/Src/stm32f7xx_hal_i2c.su ./Drivers/STM32F7xx_HAL_Driver/Src/stm32f7xx_hal_i2c_ex.cyclo ./Drivers/STM32F7xx_HAL_Driver/Src/stm32f7xx_hal_i2c_ex.d ./Drivers/STM32F7xx_HAL_Driver/Src/stm32f7xx_hal_i2c_ex.o ./Drivers/STM32F7xx_HAL_Driver/Src/stm32f7xx_hal_i2c_ex.su ./Drivers/STM32F7xx_HAL_Driver/Src/stm32f7xx_hal_pwr.cyclo ./Drivers/STM32F7xx_HAL_Driver/Src/stm32f7xx_hal_pwr.d ./Drivers/STM32F7xx_HAL_Driver/Src/stm32f7xx_hal_pwr.o ./Drivers/STM32F7xx_HAL_Driver/Src/stm32f7xx_hal_pwr.su ./Drivers/STM32F7xx_HAL_Driver/Src/stm32f7xx_hal_pwr_ex.cyclo ./Drivers/STM32F7xx_HAL_Driver/Src/stm32f7xx_hal_pwr_ex.d ./Drivers/STM32F7xx_HAL_Driver/Src/stm32f7xx_hal_pwr_ex.o ./Drivers/STM32F7xx_HAL_Driver/Src/stm32f7xx_hal_pwr_ex.su ./Drivers/STM32F7xx_HAL_Driver/Src/stm32f7xx_hal_rcc.cyclo ./Drivers/STM32F7xx_HAL_Driver/Src/stm32f7xx_hal_rcc.d ./Drivers/STM32F7xx_HAL_Driver/Src/stm32f7xx_hal_rcc.o ./Drivers/STM32F7xx_HAL_Driver/Src/stm32f7xx_hal_rcc.su ./Drivers/STM32F7xx_HAL_Driver/Src/stm32f7xx_hal_rcc_ex.cyclo ./Drivers/STM32F7xx_HAL_Driver/Src/stm32f7xx_hal_rcc_ex.d ./Drivers/STM32F7xx_HAL_Driver/Src/stm32f7xx_hal_rcc_ex.o ./Drivers/STM32F7xx_HAL_Driver/Src/stm32f7xx_hal_rcc_ex.su ./Drivers/STM32F7xx_HAL_Driver/Src/stm32f7xx_hal_rng.cyclo ./Drivers/STM32F7xx_HAL_Driver/Src/stm32f7xx_hal_rng.d ./Drivers/STM32F7xx_HAL_Driver/Src/stm32f7xx_hal_rng.o ./Drivers/STM32F7xx_HAL_Driver/Src/stm32f7xx_hal_rng.su ./Drivers/STM32F7xx_HAL_Driver/Src/stm32f7xx_hal_spi.cyclo ./Drivers/STM32F7xx_HAL_Driver/Src/stm32f7xx_hal_spi.d ./Drivers/STM32F7xx_HAL_Driver/Src/stm32f7xx_hal_spi.o ./Drivers/STM32F7xx_HAL_Driver/Src/stm32f7xx_hal_spi.su ./Drivers/STM32F7xx_HAL_Driver/Src/stm32f7xx_hal_spi_ex.cyclo ./Drivers/STM32F7xx_HAL_Driver/Src/stm32f7xx_hal_spi_ex.d ./Drivers/STM32F7xx_HAL_Driver/Src/stm32f7xx_hal_spi_ex.o ./Drivers/STM32F7xx_HAL_Driver/Src/stm32f7xx_hal_spi_ex.su ./Drivers/STM32F7xx_HAL_Driver/Src/stm32f7xx_hal_tim.cyclo ./Drivers/STM32F7xx_HAL_Driver/Src/stm32f7xx_hal_tim.d ./Drivers/STM32F7xx_HAL_Driver/Src/stm32f7xx_hal_tim.o ./Drivers/STM32F7xx_HAL_Driver/Src/stm32f7xx_hal_tim.su ./Drivers/STM32F7xx_HAL_Driver/Src/stm32f7xx_hal_tim_ex.cyclo ./Drivers/STM32F7xx_HAL_Driver/Src/stm32f7xx_hal_tim_ex.d ./Drivers/STM32F7xx_HAL_Driver/Src/stm32f7xx_hal_tim_ex.o ./Drivers/STM32F7xx_HAL_Driver/Src/stm32f7xx_hal_tim_ex.su ./Drivers/STM32F7xx_HAL_Driver/Src/stm32f7xx_hal_uart.cyclo ./Drivers/STM32F7xx_HAL_Driver/Src/stm32f7xx_hal_uart.d ./Drivers/STM32F7xx_HAL_Driver/Src/stm32f7xx_hal_uart.o ./Drivers/STM32F7xx_HAL_Driver/Src/stm32f7xx_hal_uart.su ./Drivers/STM32F7xx_HAL_Driver/Src/stm32f7xx_hal_uart_ex.cyclo ./Drivers/STM32F7xx_HAL_Driver/Src/stm32f7xx_hal_uart_ex.d ./Drivers/STM32F7xx_HAL_Driver/Src/stm32f7xx_hal_uart_ex.o ./Drivers/STM32F7xx_HAL_Driver/Src/stm32f7xx_hal_uart_ex.su
rm -rf ./Drivers/ILI9341/ILI9341_GFX.cyclo ./Drivers/ILI9341/ILI9341_GFX.d ./Drivers/ILI9341/ILI9341_GFX.o ./Drivers/ILI9341/ILI9341_GFX.su ./Drivers/ILI9341/ILI9341_SPRITE.cyclo ./Drivers/ILI9341/ILI9341_SPRITE.d ./Drivers/ILI9341/ILI9341_SPRITE.o ./Drivers/ILI9341/ILI9341_SPRITE.su ./Drivers/ILI9341/ILI9341_STM32_Driver.cyclo ./Drivers/ILI9341/ILI9341_STM32_Driver.d ./Drivers/ILI9341/ILI9341_STM32_Driver.o ./Drivers/ILI9341/ILI9341_STM32_Driver.su ./Drivers/ILI9341/ILI9341_Touchscreen.cyclo ./Drivers/ILI9341/ILI9341_Touchscreen.d ./Drivers/ILI9341/ILI9341_Touchscreen.o ./Drivers/ILI9341/ILI9341_Touchscreen.su
rm -rf ./Core/Startup/startup_stm32f767zitx.d ./Core/Startup/startup_stm32f767zitx.o
rm -rf ./Core/Src/gpio.cyclo ./Core/Src/gpio.d ./Core/Src/gpio.o ./Core/Src/gpio.su ./Core/Src/main.cyclo ./Core/Src/main.d ./Core/Src/main.o ./Core/Src/main.su ./Core/Src/rng.cyclo ./Core/Src/rng.d ./Core/Src/rng.o ./Core/Src/rng.su ./Core/Src/spi.cyclo ./Core/Src/spi.d ./Core/Src/spi.o ./Core/Src/spi.su ./Core/Src/stm32f7xx_hal_msp.cyclo ./Core/Src/stm32f7xx_hal_msp.d ./Core/Src/stm32f7xx_hal_msp.o ./Core/Src/stm32f7xx_hal_msp.su ./Core/Src/stm32f7xx_it.cyclo ./Core/Src/stm32f7xx_it.d ./Core/Src/stm32f7xx_it.o ./Core/Src/stm32f7xx_it.su ./Core/Src/syscalls.cyclo ./Core/Src/syscalls.d ./Core/Src/syscalls.o ./Core/Src/syscalls.su ./Core/Src/sysmem.cyclo ./Core/Src/sysmem.d ./Core/Src/sysmem.o ./Core/Src/sysmem.su ./Core/Src/system_stm32f7xx.cyclo ./Core/Src/system_stm32f7xx.d ./Core/Src/system_stm32f7xx.o ./Core/Src/system_stm32f7xx.su ./Core/Src/tim.cyclo ./Core/Src/tim.d ./Core/Src/tim.o ./Core/Src/tim.su ./Core/Src/usart.cyclo ./Core/Src/usart.d ./Core/Src/usart.o ./Core/Src/usart.su
rm -rf 767_SPI_ILI9341_2.elf 767_SPI_ILI9341_2.list 767_SPI_ILI9341_2.map default.size.stdout
 
10:05:06 **** Build of configuration Debug for project 767_SPI_ILI9341_2 ****
make -j8 all 
arm-none-eabi-gcc "../Drivers/STM32F7xx_HAL_Driver/Src/stm32f7xx_hal.c" -mcpu=cortex-m7 -std=gnu11 -g3 -DDEBUG -DUSE_HAL_DRIVER -DSTM32F767xx -c -I../Core/Inc -I../Drivers/STM32F7xx_HAL_Driver/Inc -I../Drivers/STM32F7xx_HAL_Driver/Inc/Legacy -I../Drivers/CMSIS/Device/ST/STM32F7xx/Include -I../Drivers/CMSIS/Include -I"/home/northy/Downloads/767_SPI_ILI9341/767_SPI_ILI9341_2/Drivers/ILI9341" -O0 -ffunction-sections -fdata-sections -Wall -fstack-usage -fcyclomatic-complexity -MMD -MP -MF"Drivers/STM32F7xx_HAL_Driver/Src/stm32f7xx_hal.d" -MT"Drivers/STM32F7xx_HAL_Driver/Src/stm32f7xx_hal.o" --specs=nano.specs -mfpu=fpv5-d16 -mfloat-abi=hard -mthumb -o "Drivers/STM32F7xx_HAL_Driver/Src/stm32f7xx_hal.o"
arm-none-eabi-gcc "../Drivers/STM32F7xx_HAL_Driver/Src/stm32f7xx_hal_adc.c" -mcpu=cortex-m7 -std=gnu11 -g3 -DDEBUG -DUSE_HAL_DRIVER -DSTM32F767xx -c -I../Core/Inc -I../Drivers/STM32F7xx_HAL_Driver/Inc -I../Drivers/STM32F7xx_HAL_Driver/Inc/Legacy -I../Drivers/CMSIS/Device/ST/STM32F7xx/Include -I../Drivers/CMSIS/Include -I"/home/northy/Downloads/767_SPI_ILI9341/767_SPI_ILI9341_2/Drivers/ILI9341" -O0 -ffunction-sections -fdata-sections -Wall -fstack-usage -fcyclomatic-complexity -MMD -MP -MF"Drivers/STM32F7xx_HAL_Driver/Src/stm32f7xx_hal_adc.d" -MT"Drivers/STM32F7xx_HAL_Driver/Src/stm32f7xx_hal_adc.o" --specs=nano.specs -mfpu=fpv5-d16 -mfloat-abi=hard -mthumb -o "Drivers/STM32F7xx_HAL_Driver/Src/stm32f7xx_hal_adc.o"
arm-none-eabi-gcc "../Drivers/STM32F7xx_HAL_Driver/Src/stm32f7xx_hal_adc_ex.c" -mcpu=cortex-m7 -std=gnu11 -g3 -DDEBUG -DUSE_HAL_DRIVER -DSTM32F767xx -c -I../Core/Inc -I../Drivers/STM32F7xx_HAL_Driver/Inc -I../Drivers/STM32F7xx_HAL_Driver/Inc/Legacy -I../Drivers/CMSIS/Device/ST/STM32F7xx/Include -I../Drivers/CMSIS/Include -I"/home/northy/Downloads/767_SPI_ILI9341/767_SPI_ILI9341_2/Drivers/ILI9341" -O0 -ffunction-sections -fdata-sections -Wall -fstack-usage -fcyclomatic-complexity -MMD -MP -MF"Drivers/STM32F7xx_HAL_Driver/Src/stm32f7xx_hal_adc_ex.d" -MT"Drivers/STM32F7xx_HAL_Driver/Src/stm32f7xx_hal_adc_ex.o" --specs=nano.specs -mfpu=fpv5-d16 -mfloat-abi=hard -mthumb -o "Drivers/STM32F7xx_HAL_Driver/Src/stm32f7xx_hal_adc_ex.o"
arm-none-eabi-gcc "../Drivers/STM32F7xx_HAL_Driver/Src/stm32f7xx_hal_cortex.c" -mcpu=cortex-m7 -std=gnu11 -g3 -DDEBUG -DUSE_HAL_DRIVER -DSTM32F767xx -c -I../Core/Inc -I../Drivers/STM32F7xx_HAL_Driver/Inc -I../Drivers/STM32F7xx_HAL_Driver/Inc/Legacy -I../Drivers/CMSIS/Device/ST/STM32F7xx/Include -I../Drivers/CMSIS/Include -I"/home/northy/Downloads/767_SPI_ILI9341/767_SPI_ILI9341_2/Drivers/ILI9341" -O0 -ffunction-sections -fdata-sections -Wall -fstack-usage -fcyclomatic-complexity -MMD -MP -MF"Drivers/STM32F7xx_HAL_Driver/Src/stm32f7xx_hal_cortex.d" -MT"Drivers/STM32F7xx_HAL_Driver/Src/stm32f7xx_hal_cortex.o" --specs=nano.specs -mfpu=fpv5-d16 -mfloat-abi=hard -mthumb -o "Drivers/STM32F7xx_HAL_Driver/Src/stm32f7xx_hal_cortex.o"
arm-none-eabi-gcc "../Drivers/STM32F7xx_HAL_Driver/Src/stm32f7xx_hal_dma.c" -mcpu=cortex-m7 -std=gnu11 -g3 -DDEBUG -DUSE_HAL_DRIVER -DSTM32F767xx -c -I../Core/Inc -I../Drivers/STM32F7xx_HAL_Driver/Inc -I../Drivers/STM32F7xx_HAL_Driver/Inc/Legacy -I../Drivers/CMSIS/Device/ST/STM32F7xx/Include -I../Drivers/CMSIS/Include -I"/home/northy/Downloads/767_SPI_ILI9341/767_SPI_ILI9341_2/Drivers/ILI9341" -O0 -ffunction-sections -fdata-sections -Wall -fstack-usage -fcyclomatic-complexity -MMD -MP -MF"Drivers/STM32F7xx_HAL_Driver/Src/stm32f7xx_hal_dma.d" -MT"Drivers/STM32F7xx_HAL_Driver/Src/stm32f7xx_hal_dma.o" --specs=nano.specs -mfpu=fpv5-d16 -mfloat-abi=hard -mthumb -o "Drivers/STM32F7xx_HAL_Driver/Src/stm32f7xx_hal_dma.o"
arm-none-eabi-gcc "../Drivers/STM32F7xx_HAL_Driver/Src/stm32f7xx_hal_dma_ex.c" -mcpu=cortex-m7 -std=gnu11 -g3 -DDEBUG -DUSE_HAL_DRIVER -DSTM32F767xx -c -I../Core/Inc -I../Drivers/STM32F7xx_HAL_Driver/Inc -I../Drivers/STM32F7xx_HAL_Driver/Inc/Legacy -I../Drivers/CMSIS/Device/ST/STM32F7xx/Include -I../Drivers/CMSIS/Include -I"/home/northy/Downloads/767_SPI_ILI9341/767_SPI_ILI9341_2/Drivers/ILI9341" -O0 -ffunction-sections -fdata-sections -Wall -fstack-usage -fcyclomatic-complexity -MMD -MP -MF"Drivers/STM32F7xx_HAL_Driver/Src/stm32f7xx_hal_dma_ex.d" -MT"Drivers/STM32F7xx_HAL_Driver/Src/stm32f7xx_hal_dma_ex.o" --specs=nano.specs -mfpu=fpv5-d16 -mfloat-abi=hard -mthumb -o "Drivers/STM32F7xx_HAL_Driver/Src/stm32f7xx_hal_dma_ex.o"
arm-none-eabi-gcc "../Drivers/STM32F7xx_HAL_Driver/Src/stm32f7xx_hal_exti.c" -mcpu=cortex-m7 -std=gnu11 -g3 -DDEBUG -DUSE_HAL_DRIVER -DSTM32F767xx -c -I../Core/Inc -I../Drivers/STM32F7xx_HAL_Driver/Inc -I../Drivers/STM32F7xx_HAL_Driver/Inc/Legacy -I../Drivers/CMSIS/Device/ST/STM32F7xx/Include -I../Drivers/CMSIS/Include -I"/home/northy/Downloads/767_SPI_ILI9341/767_SPI_ILI9341_2/Drivers/ILI9341" -O0 -ffunction-sections -fdata-sections -Wall -fstack-usage -fcyclomatic-complexity -MMD -MP -MF"Drivers/STM32F7xx_HAL_Driver/Src/stm32f7xx_hal_exti.d" -MT"Drivers/STM32F7xx_HAL_Driver/Src/stm32f7xx_hal_exti.o" --specs=nano.specs -mfpu=fpv5-d16 -mfloat-abi=hard -mthumb -o "Drivers/STM32F7xx_HAL_Driver/Src/stm32f7xx_hal_exti.o"
arm-none-eabi-gcc "../Drivers/STM32F7xx_HAL_Driver/Src/stm32f7xx_hal_flash.c" -mcpu=cortex-m7 -std=gnu11 -g3 -DDEBUG -DUSE_HAL_DRIVER -DSTM32F767xx -c -I../Core/Inc -I../Drivers/STM32F7xx_HAL_Driver/Inc -I../Drivers/STM32F7xx_HAL_Driver/Inc/Legacy -I../Drivers/CMSIS/Device/ST/STM32F7xx/Include -I../Drivers/CMSIS/Include -I"/home/northy/Downloads/767_SPI_ILI9341/767_SPI_ILI9341_2/Drivers/ILI9341" -O0 -ffunction-sections -fdata-sections -Wall -fstack-usage -fcyclomatic-complexity -MMD -MP -MF"Drivers/STM32F7xx_HAL_Driver/Src/stm32f7xx_hal_flash.d" -MT"Drivers/STM32F7xx_HAL_Driver/Src/stm32f7xx_hal_flash.o" --specs=nano.specs -mfpu=fpv5-d16 -mfloat-abi=hard -mthumb -o "Drivers/STM32F7xx_HAL_Driver/Src/stm32f7xx_hal_flash.o"
arm-none-eabi-gcc "../Drivers/STM32F7xx_HAL_Driver/Src/stm32f7xx_hal_flash_ex.c" -mcpu=cortex-m7 -std=gnu11 -g3 -DDEBUG -DUSE_HAL_DRIVER -DSTM32F767xx -c -I../Core/Inc -I../Drivers/STM32F7xx_HAL_Driver/Inc -I../Drivers/STM32F7xx_HAL_Driver/Inc/Legacy -I../Drivers/CMSIS/Device/ST/STM32F7xx/Include -I../Drivers/CMSIS/Include -I"/home/northy/Downloads/767_SPI_ILI9341/767_SPI_ILI9341_2/Drivers/ILI9341" -O0 -ffunction-sections -fdata-sections -Wall -fstack-usage -fcyclomatic-complexity -MMD -MP -MF"Drivers/STM32F7xx_HAL_Driver/Src/stm32f7xx_hal_flash_ex.d" -MT"Drivers/STM32F7xx_HAL_Driver/Src/stm32f7xx_hal_flash_ex.o" --specs=nano.specs -mfpu=fpv5-d16 -mfloat-abi=hard -mthumb -o "Drivers/STM32F7xx_HAL_Driver/Src/stm32f7xx_hal_flash_ex.o"
arm-none-eabi-gcc "../Drivers/STM32F7xx_HAL_Driver/Src/stm32f7xx_hal_gpio.c" -mcpu=cortex-m7 -std=gnu11 -g3 -DDEBUG -DUSE_HAL_DRIVER -DSTM32F767xx -c -I../Core/Inc -I../Drivers/STM32F7xx_HAL_Driver/Inc -I../Drivers/STM32F7xx_HAL_Driver/Inc/Legacy -I../Drivers/CMSIS/Device/ST/STM32F7xx/Include -I../Drivers/CMSIS/Include -I"/home/northy/Downloads/767_SPI_ILI9341/767_SPI_ILI9341_2/Drivers/ILI9341" -O0 -ffunction-sections -fdata-sections -Wall -fstack-usage -fcyclomatic-complexity -MMD -MP -MF"Drivers/STM32F7xx_HAL_Driver/Src/stm32f7xx_hal_gpio.d" -MT"Drivers/STM32F7xx_HAL_Driver/Src/stm32f7xx_hal_gpio.o" --specs=nano.specs -mfpu=fpv5-d16 -mfloat-abi=hard -mthumb -o "Drivers/STM32F7xx_HAL_Driver/Src/stm32f7xx_hal_gpio.o"
arm-none-eabi-gcc "../Drivers/STM32F7xx_HAL_Driver/Src/stm32f7xx_hal_i2c.c" -mcpu=cortex-m7 -std=gnu11 -g3 -DDEBUG -DUSE_HAL_DRIVER -DSTM32F767xx -c -I../Core/Inc -I../Drivers/STM32F7xx_HAL_Driver/Inc -I../Drivers/STM32F7xx_HAL_Driver/Inc/Legacy -I../Drivers/CMSIS/Device/ST/STM32F7xx/Include -I../Drivers/CMSIS/Include -I"/home/northy/Downloads/767_SPI_ILI9341/767_SPI_ILI9341_2/Drivers/ILI9341" -O0 -ffunction-sections -fdata-sections -Wall -fstack-usage -fcyclomatic-complexity -MMD -MP -MF"Drivers/STM32F7xx_HAL_Driver/Src/stm32f7xx_hal_i2c.d" -MT"Drivers/STM32F7xx_HAL_Driver/Src/stm32f7xx_hal_i2c.o" --specs=nano.specs -mfpu=fpv5-d16 -mfloat-abi=hard -mthumb -o "Drivers/STM32F7xx_HAL_Driver/Src/stm32f7xx_hal_i2c.o"
arm-none-eabi-gcc "../Drivers/STM32F7xx_HAL_Driver/Src/stm32f7xx_hal_i2c_ex.c" -mcpu=cortex-m7 -std=gnu11 -g3 -DDEBUG -DUSE_HAL_DRIVER -DSTM32F767xx -c -I../Core/Inc -I../Drivers/STM32F7xx_HAL_Driver/Inc -I../Drivers/STM32F7xx_HAL_Driver/Inc/Legacy -I../Drivers/CMSIS/Device/ST/STM32F7xx/Include -I../Drivers/CMSIS/Include -I"/home/northy/Downloads/767_SPI_ILI9341/767_SPI_ILI9341_2/Drivers/ILI9341" -O0 -ffunction-sections -fdata-sections -Wall -fstack-usage -fcyclomatic-complexity -MMD -MP -MF"Drivers/STM32F7xx_HAL_Driver/Src/stm32f7xx_hal_i2c_ex.d" -MT"Drivers/STM32F7xx_HAL_Driver/Src/stm32f7xx_hal_i2c_ex.o" --specs=nano.specs -mfpu=fpv5-d16 -mfloat-abi=hard -mthumb -o "Drivers/STM32F7xx_HAL_Driver/Src/stm32f7xx_hal_i2c_ex.o"
arm-none-eabi-gcc "../Drivers/STM32F7xx_HAL_Driver/Src/stm32f7xx_hal_pwr.c" -mcpu=cortex-m7 -std=gnu11 -g3 -DDEBUG -DUSE_HAL_DRIVER -DSTM32F767xx -c -I../Core/Inc -I../Drivers/STM32F7xx_HAL_Driver/Inc -I../Drivers/STM32F7xx_HAL_Driver/Inc/Legacy -I../Drivers/CMSIS/Device/ST/STM32F7xx/Include -I../Drivers/CMSIS/Include -I"/home/northy/Downloads/767_SPI_ILI9341/767_SPI_ILI9341_2/Drivers/ILI9341" -O0 -ffunction-sections -fdata-sections -Wall -fstack-usage -fcyclomatic-complexity -MMD -MP -MF"Drivers/STM32F7xx_HAL_Driver/Src/stm32f7xx_hal_pwr.d" -MT"Drivers/STM32F7xx_HAL_Driver/Src/stm32f7xx_hal_pwr.o" --specs=nano.specs -mfpu=fpv5-d16 -mfloat-abi=hard -mthumb -o "Drivers/STM32F7xx_HAL_Driver/Src/stm32f7xx_hal_pwr.o"
arm-none-eabi-gcc "../Drivers/STM32F7xx_HAL_Driver/Src/stm32f7xx_hal_pwr_ex.c" -mcpu=cortex-m7 -std=gnu11 -g3 -DDEBUG -DUSE_HAL_DRIVER -DSTM32F767xx -c -I../Core/Inc -I../Drivers/STM32F7xx_HAL_Driver/Inc -I../Drivers/STM32F7xx_HAL_Driver/Inc/Legacy -I../Drivers/CMSIS/Device/ST/STM32F7xx/Include -I../Drivers/CMSIS/Include -I"/home/northy/Downloads/767_SPI_ILI9341/767_SPI_ILI9341_2/Drivers/ILI9341" -O0 -ffunction-sections -fdata-sections -Wall -fstack-usage -fcyclomatic-complexity -MMD -MP -MF"Drivers/STM32F7xx_HAL_Driver/Src/stm32f7xx_hal_pwr_ex.d" -MT"Drivers/STM32F7xx_HAL_Driver/Src/stm32f7xx_hal_pwr_ex.o" --specs=nano.specs -mfpu=fpv5-d16 -mfloat-abi=hard -mthumb -o "Drivers/STM32F7xx_HAL_Driver/Src/stm32f7xx_hal_pwr_ex.o"
arm-none-eabi-gcc "../Drivers/STM32F7xx_HAL_Driver/Src/stm32f7xx_hal_rcc.c" -mcpu=cortex-m7 -std=gnu11 -g3 -DDEBUG -DUSE_HAL_DRIVER -DSTM32F767xx -c -I../Core/Inc -I../Drivers/STM32F7xx_HAL_Driver/Inc -I../Drivers/STM32F7xx_HAL_Driver/Inc/Legacy -I../Drivers/CMSIS/Device/ST/STM32F7xx/Include -I../Drivers/CMSIS/Include -I"/home/northy/Downloads/767_SPI_ILI9341/767_SPI_ILI9341_2/Drivers/ILI9341" -O0 -ffunction-sections -fdata-sections -Wall -fstack-usage -fcyclomatic-complexity -MMD -MP -MF"Drivers/STM32F7xx_HAL_Driver/Src/stm32f7xx_hal_rcc.d" -MT"Drivers/STM32F7xx_HAL_Driver/Src/stm32f7xx_hal_rcc.o" --specs=nano.specs -mfpu=fpv5-d16 -mfloat-abi=hard -mthumb -o "Drivers/STM32F7xx_HAL_Driver/Src/stm32f7xx_hal_rcc.o"
arm-none-eabi-gcc "../Drivers/STM32F7xx_HAL_Driver/Src/stm32f7xx_hal_rcc_ex.c" -mcpu=cortex-m7 -std=gnu11 -g3 -DDEBUG -DUSE_HAL_DRIVER -DSTM32F767xx -c -I../Core/Inc -I../Drivers/STM32F7xx_HAL_Driver/Inc -I../Drivers/STM32F7xx_HAL_Driver/Inc/Legacy -I../Drivers/CMSIS/Device/ST/STM32F7xx/Include -I../Drivers/CMSIS/Include -I"/home/northy/Downloads/767_SPI_ILI9341/767_SPI_ILI9341_2/Drivers/ILI9341" -O0 -ffunction-sections -fdata-sections -Wall -fstack-usage -fcyclomatic-complexity -MMD -MP -MF"Drivers/STM32F7xx_HAL_Driver/Src/stm32f7xx_hal_rcc_ex.d" -MT"Drivers/STM32F7xx_HAL_Driver/Src/stm32f7xx_hal_rcc_ex.o" --specs=nano.specs -mfpu=fpv5-d16 -mfloat-abi=hard -mthumb -o "Drivers/STM32F7xx_HAL_Driver/Src/stm32f7xx_hal_rcc_ex.o"
arm-none-eabi-gcc "../Drivers/STM32F7xx_HAL_Driver/Src/stm32f7xx_hal_rng.c" -mcpu=cortex-m7 -std=gnu11 -g3 -DDEBUG -DUSE_HAL_DRIVER -DSTM32F767xx -c -I../Core/Inc -I../Drivers/STM32F7xx_HAL_Driver/Inc -I../Drivers/STM32F7xx_HAL_Driver/Inc/Legacy -I../Drivers/CMSIS/Device/ST/STM32F7xx/Include -I../Drivers/CMSIS/Include -I"/home/northy/Downloads/767_SPI_ILI9341/767_SPI_ILI9341_2/Drivers/ILI9341" -O0 -ffunction-sections -fdata-sections -Wall -fstack-usage -fcyclomatic-complexity -MMD -MP -MF"Drivers/STM32F7xx_HAL_Driver/Src/stm32f7xx_hal_rng.d" -MT"Drivers/STM32F7xx_HAL_Driver/Src/stm32f7xx_hal_rng.o" --specs=nano.specs -mfpu=fpv5-d16 -mfloat-abi=hard -mthumb -o "Drivers/STM32F7xx_HAL_Driver/Src/stm32f7xx_hal_rng.o"
arm-none-eabi-gcc "../Drivers/STM32F7xx_HAL_Driver/Src/stm32f7xx_hal_spi.c" -mcpu=cortex-m7 -std=gnu11 -g3 -DDEBUG -DUSE_HAL_DRIVER -DSTM32F767xx -c -I../Core/Inc -I../Drivers/STM32F7xx_HAL_Driver/Inc -I../Drivers/STM32F7xx_HAL_Driver/Inc/Legacy -I../Drivers/CMSIS/Device/ST/STM32F7xx/Include -I../Drivers/CMSIS/Include -I"/home/northy/Downloads/767_SPI_ILI9341/767_SPI_ILI9341_2/Drivers/ILI9341" -O0 -ffunction-sections -fdata-sections -Wall -fstack-usage -fcyclomatic-complexity -MMD -MP -MF"Drivers/STM32F7xx_HAL_Driver/Src/stm32f7xx_hal_spi.d" -MT"Drivers/STM32F7xx_HAL_Driver/Src/stm32f7xx_hal_spi.o" --specs=nano.specs -mfpu=fpv5-d16 -mfloat-abi=hard -mthumb -o "Drivers/STM32F7xx_HAL_Driver/Src/stm32f7xx_hal_spi.o"
arm-none-eabi-gcc "../Drivers/STM32F7xx_HAL_Driver/Src/stm32f7xx_hal_spi_ex.c" -mcpu=cortex-m7 -std=gnu11 -g3 -DDEBUG -DUSE_HAL_DRIVER -DSTM32F767xx -c -I../Core/Inc -I../Drivers/STM32F7xx_HAL_Driver/Inc -I../Drivers/STM32F7xx_HAL_Driver/Inc/Legacy -I../Drivers/CMSIS/Device/ST/STM32F7xx/Include -I../Drivers/CMSIS/Include -I"/home/northy/Downloads/767_SPI_ILI9341/767_SPI_ILI9341_2/Drivers/ILI9341" -O0 -ffunction-sections -fdata-sections -Wall -fstack-usage -fcyclomatic-complexity -MMD -MP -MF"Drivers/STM32F7xx_HAL_Driver/Src/stm32f7xx_hal_spi_ex.d" -MT"Drivers/STM32F7xx_HAL_Driver/Src/stm32f7xx_hal_spi_ex.o" --specs=nano.specs -mfpu=fpv5-d16 -mfloat-abi=hard -mthumb -o "Drivers/STM32F7xx_HAL_Driver/Src/stm32f7xx_hal_spi_ex.o"
arm-none-eabi-gcc "../Drivers/STM32F7xx_HAL_Driver/Src/stm32f7xx_hal_tim.c" -mcpu=cortex-m7 -std=gnu11 -g3 -DDEBUG -DUSE_HAL_DRIVER -DSTM32F767xx -c -I../Core/Inc -I../Drivers/STM32F7xx_HAL_Driver/Inc -I../Drivers/STM32F7xx_HAL_Driver/Inc/Legacy -I../Drivers/CMSIS/Device/ST/STM32F7xx/Include -I../Drivers/CMSIS/Include -I"/home/northy/Downloads/767_SPI_ILI9341/767_SPI_ILI9341_2/Drivers/ILI9341" -O0 -ffunction-sections -fdata-sections -Wall -fstack-usage -fcyclomatic-complexity -MMD -MP -MF"Drivers/STM32F7xx_HAL_Driver/Src/stm32f7xx_hal_tim.d" -MT"Drivers/STM32F7xx_HAL_Driver/Src/stm32f7xx_hal_tim.o" --specs=nano.specs -mfpu=fpv5-d16 -mfloat-abi=hard -mthumb -o "Drivers/STM32F7xx_HAL_Driver/Src/stm32f7xx_hal_tim.o"
arm-none-eabi-gcc "../Drivers/STM32F7xx_HAL_Driver/Src/stm32f7xx_hal_tim_ex.c" -mcpu=cortex-m7 -std=gnu11 -g3 -DDEBUG -DUSE_HAL_DRIVER -DSTM32F767xx -c -I../Core/Inc -I../Drivers/STM32F7xx_HAL_Driver/Inc -I../Drivers/STM32F7xx_HAL_Driver/Inc/Legacy -I../Drivers/CMSIS/Device/ST/STM32F7xx/Include -I../Drivers/CMSIS/Include -I"/home/northy/Downloads/767_SPI_ILI9341/767_SPI_ILI9341_2/Drivers/ILI9341" -O0 -ffunction-sections -fdata-sections -Wall -fstack-usage -fcyclomatic-complexity -MMD -MP -MF"Drivers/STM32F7xx_HAL_Driver/Src/stm32f7xx_hal_tim_ex.d" -MT"Drivers/STM32F7xx_HAL_Driver/Src/stm32f7xx_hal_tim_ex.o" --specs=nano.specs -mfpu=fpv5-d16 -mfloat-abi=hard -mthumb -o "Drivers/STM32F7xx_HAL_Driver/Src/stm32f7xx_hal_tim_ex.o"
arm-none-eabi-gcc "../Drivers/STM32F7xx_HAL_Driver/Src/stm32f7xx_hal_uart.c" -mcpu=cortex-m7 -std=gnu11 -g3 -DDEBUG -DUSE_HAL_DRIVER -DSTM32F767xx -c -I../Core/Inc -I../Drivers/STM32F7xx_HAL_Driver/Inc -I../Drivers/STM32F7xx_HAL_Driver/Inc/Legacy -I../Drivers/CMSIS/Device/ST/STM32F7xx/Include -I../Drivers/CMSIS/Include -I"/home/northy/Downloads/767_SPI_ILI9341/767_SPI_ILI9341_2/Drivers/ILI9341" -O0 -ffunction-sections -fdata-sections -Wall -fstack-usage -fcyclomatic-complexity -MMD -MP -MF"Drivers/STM32F7xx_HAL_Driver/Src/stm32f7xx_hal_uart.d" -MT"Drivers/STM32F7xx_HAL_Driver/Src/stm32f7xx_hal_uart.o" --specs=nano.specs -mfpu=fpv5-d16 -mfloat-abi=hard -mthumb -o "Drivers/STM32F7xx_HAL_Driver/Src/stm32f7xx_hal_uart.o"
arm-none-eabi-gcc "../Drivers/STM32F7xx_HAL_Driver/Src/stm32f7xx_hal_uart_ex.c" -mcpu=cortex-m7 -std=gnu11 -g3 -DDEBUG -DUSE_HAL_DRIVER -DSTM32F767xx -c -I../Core/Inc -I../Drivers/STM32F7xx_HAL_Driver/Inc -I../Drivers/STM32F7xx_HAL_Driver/Inc/Legacy -I../Drivers/CMSIS/Device/ST/STM32F7xx/Include -I../Drivers/CMSIS/Include -I"/home/northy/Downloads/767_SPI_ILI9341/767_SPI_ILI9341_2/Drivers/ILI9341" -O0 -ffunction-sections -fdata-sections -Wall -fstack-usage -fcyclomatic-complexity -MMD -MP -MF"Drivers/STM32F7xx_HAL_Driver/Src/stm32f7xx_hal_uart_ex.d" -MT"Drivers/STM32F7xx_HAL_Driver/Src/stm32f7xx_hal_uart_ex.o" --specs=nano.specs -mfpu=fpv5-d16 -mfloat-abi=hard -mthumb -o "Drivers/STM32F7xx_HAL_Driver/Src/stm32f7xx_hal_uart_ex.o"
arm-none-eabi-gcc "../Drivers/ILI9341/ILI9341_GFX.c" -mcpu=cortex-m7 -std=gnu11 -g3 -DDEBUG -DUSE_HAL_DRIVER -DSTM32F767xx -c -I../Core/Inc -I../Drivers/STM32F7xx_HAL_Driver/Inc -I../Drivers/STM32F7xx_HAL_Driver/Inc/Legacy -I../Drivers/CMSIS/Device/ST/STM32F7xx/Include -I../Drivers/CMSIS/Include -I"/home/northy/Downloads/767_SPI_ILI9341/767_SPI_ILI9341_2/Drivers/ILI9341" -O0 -ffunction-sections -fdata-sections -Wall -fstack-usage -fcyclomatic-complexity -MMD -MP -MF"Drivers/ILI9341/ILI9341_GFX.d" -MT"Drivers/ILI9341/ILI9341_GFX.o" --specs=nano.specs -mfpu=fpv5-d16 -mfloat-abi=hard -mthumb -o "Drivers/ILI9341/ILI9341_GFX.o"
arm-none-eabi-gcc "../Drivers/ILI9341/ILI9341_SPRITE.c" -mcpu=cortex-m7 -std=gnu11 -g3 -DDEBUG -DUSE_HAL_DRIVER -DSTM32F767xx -c -I../Core/Inc -I../Drivers/STM32F7xx_HAL_Driver/Inc -I../Drivers/STM32F7xx_HAL_Driver/Inc/Legacy -I../Drivers/CMSIS/Device/ST/STM32F7xx/Include -I../Drivers/CMSIS/Include -I"/home/northy/Downloads/767_SPI_ILI9341/767_SPI_ILI9341_2/Drivers/ILI9341" -O0 -ffunction-sections -fdata-sections -Wall -fstack-usage -fcyclomatic-complexity -MMD -MP -MF"Drivers/ILI9341/ILI9341_SPRITE.d" -MT"Drivers/ILI9341/ILI9341_SPRITE.o" --specs=nano.specs -mfpu=fpv5-d16 -mfloat-abi=hard -mthumb -o "Drivers/ILI9341/ILI9341_SPRITE.o"
arm-none-eabi-gcc "../Drivers/ILI9341/ILI9341_STM32_Driver.c" -mcpu=cortex-m7 -std=gnu11 -g3 -DDEBUG -DUSE_HAL_DRIVER -DSTM32F767xx -c -I../Core/Inc -I../Drivers/STM32F7xx_HAL_Driver/Inc -I../Drivers/STM32F7xx_HAL_Driver/Inc/Legacy -I../Drivers/CMSIS/Device/ST/STM32F7xx/Include -I../Drivers/CMSIS/Include -I"/home/northy/Downloads/767_SPI_ILI9341/767_SPI_ILI9341_2/Drivers/ILI9341" -O0 -ffunction-sections -fdata-sections -Wall -fstack-usage -fcyclomatic-complexity -MMD -MP -MF"Drivers/ILI9341/ILI9341_STM32_Driver.d" -MT"Drivers/ILI9341/ILI9341_STM32_Driver.o" --specs=nano.specs -mfpu=fpv5-d16 -mfloat-abi=hard -mthumb -o "Drivers/ILI9341/ILI9341_STM32_Driver.o"
arm-none-eabi-gcc "../Drivers/ILI9341/ILI9341_Touchscreen.c" -mcpu=cortex-m7 -std=gnu11 -g3 -DDEBUG -DUSE_HAL_DRIVER -DSTM32F767xx -c -I../Core/Inc -I../Drivers/STM32F7xx_HAL_Driver/Inc -I../Drivers/STM32F7xx_HAL_Driver/Inc/Legacy -I../Drivers/CMSIS/Device/ST/STM32F7xx/Include -I../Drivers/CMSIS/Include -I"/home/northy/Downloads/767_SPI_ILI9341/767_SPI_ILI9341_2/Drivers/ILI9341" -O0 -ffunction-sections -fdata-sections -Wall -fstack-usage -fcyclomatic-complexity -MMD -MP -MF"Drivers/ILI9341/ILI9341_Touchscreen.d" -MT"Drivers/ILI9341/ILI9341_Touchscreen.o" --specs=nano.specs -mfpu=fpv5-d16 -mfloat-abi=hard -mthumb -o "Drivers/ILI9341/ILI9341_Touchscreen.o"
arm-none-eabi-gcc -mcpu=cortex-m7 -g3 -DDEBUG -c -I"/home/northy/Downloads/767_SPI_ILI9341/767_SPI_ILI9341_2/Drivers/ILI9341" -x assembler-with-cpp -MMD -MP -MF"Core/Startup/startup_stm32f767zitx.d" -MT"Core/Startup/startup_stm32f767zitx.o" --specs=nano.specs -mfpu=fpv5-d16 -mfloat-abi=hard -mthumb -o "Core/Startup/startup_stm32f767zitx.o" "../Core/Startup/startup_stm32f767zitx.s"
arm-none-eabi-gcc "../Core/Src/adc.c" -mcpu=cortex-m7 -std=gnu11 -g3 -DDEBUG -DUSE_HAL_DRIVER -DSTM32F767xx -c -I../Core/Inc -I../Drivers/STM32F7xx_HAL_Driver/Inc -I../Drivers/STM32F7xx_HAL_Driver/Inc/Legacy -I../Drivers/CMSIS/Device/ST/STM32F7xx/Include -I../Drivers/CMSIS/Include -I"/home/northy/Downloads/767_SPI_ILI9341/767_SPI_ILI9341_2/Drivers/ILI9341" -O0 -ffunction-sections -fdata-sections -Wall -fstack-usage -fcyclomatic-complexity -MMD -MP -MF"Core/Src/adc.d" -MT"Core/Src/adc.o" --specs=nano.specs -mfpu=fpv5-d16 -mfloat-abi=hard -mthumb -o "Core/Src/adc.o"
arm-none-eabi-gcc "../Core/Src/gpio.c" -mcpu=cortex-m7 -std=gnu11 -g3 -DDEBUG -DUSE_HAL_DRIVER -DSTM32F767xx -c -I../Core/Inc -I../Drivers/STM32F7xx_HAL_Driver/Inc -I../Drivers/STM32F7xx_HAL_Driver/Inc/Legacy -I../Drivers/CMSIS/Device/ST/STM32F7xx/Include -I../Drivers/CMSIS/Include -I"/home/northy/Downloads/767_SPI_ILI9341/767_SPI_ILI9341_2/Drivers/ILI9341" -O0 -ffunction-sections -fdata-sections -Wall -fstack-usage -fcyclomatic-complexity -MMD -MP -MF"Core/Src/gpio.d" -MT"Core/Src/gpio.o" --specs=nano.specs -mfpu=fpv5-d16 -mfloat-abi=hard -mthumb -o "Core/Src/gpio.o"
arm-none-eabi-gcc "../Core/Src/main.c" -mcpu=cortex-m7 -std=gnu11 -g3 -DDEBUG -DUSE_HAL_DRIVER -DSTM32F767xx -c -I../Core/Inc -I../Drivers/STM32F7xx_HAL_Driver/Inc -I../Drivers/STM32F7xx_HAL_Driver/Inc/Legacy -I../Drivers/CMSIS/Device/ST/STM32F7xx/Include -I../Drivers/CMSIS/Include -I"/home/northy/Downloads/767_SPI_ILI9341/767_SPI_ILI9341_2/Drivers/ILI9341" -O0 -ffunction-sections -fdata-sections -Wall -fstack-usage -fcyclomatic-complexity -MMD -MP -MF"Core/Src/main.d" -MT"Core/Src/main.o" --specs=nano.specs -mfpu=fpv5-d16 -mfloat-abi=hard -mthumb -o "Core/Src/main.o"
arm-none-eabi-gcc "../Core/Src/rng.c" -mcpu=cortex-m7 -std=gnu11 -g3 -DDEBUG -DUSE_HAL_DRIVER -DSTM32F767xx -c -I../Core/Inc -I../Drivers/STM32F7xx_HAL_Driver/Inc -I../Drivers/STM32F7xx_HAL_Driver/Inc/Legacy -I../Drivers/CMSIS/Device/ST/STM32F7xx/Include -I../Drivers/CMSIS/Include -I"/home/northy/Downloads/767_SPI_ILI9341/767_SPI_ILI9341_2/Drivers/ILI9341" -O0 -ffunction-sections -fdata-sections -Wall -fstack-usage -fcyclomatic-complexity -MMD -MP -MF"Core/Src/rng.d" -MT"Core/Src/rng.o" --specs=nano.specs -mfpu=fpv5-d16 -mfloat-abi=hard -mthumb -o "Core/Src/rng.o"
arm-none-eabi-gcc "../Core/Src/spi.c" -mcpu=cortex-m7 -std=gnu11 -g3 -DDEBUG -DUSE_HAL_DRIVER -DSTM32F767xx -c -I../Core/Inc -I../Drivers/STM32F7xx_HAL_Driver/Inc -I../Drivers/STM32F7xx_HAL_Driver/Inc/Legacy -I../Drivers/CMSIS/Device/ST/STM32F7xx/Include -I../Drivers/CMSIS/Include -I"/home/northy/Downloads/767_SPI_ILI9341/767_SPI_ILI9341_2/Drivers/ILI9341" -O0 -ffunction-sections -fdata-sections -Wall -fstack-usage -fcyclomatic-complexity -MMD -MP -MF"Core/Src/spi.d" -MT"Core/Src/spi.o" --specs=nano.specs -mfpu=fpv5-d16 -mfloat-abi=hard -mthumb -o "Core/Src/spi.o"
arm-none-eabi-gcc "../Core/Src/stm32f7xx_hal_msp.c" -mcpu=cortex-m7 -std=gnu11 -g3 -DDEBUG -DUSE_HAL_DRIVER -DSTM32F767xx -c -I../Core/Inc -I../Drivers/STM32F7xx_HAL_Driver/Inc -I../Drivers/STM32F7xx_HAL_Driver/Inc/Legacy -I../Drivers/CMSIS/Device/ST/STM32F7xx/Include -I../Drivers/CMSIS/Include -I"/home/northy/Downloads/767_SPI_ILI9341/767_SPI_ILI9341_2/Drivers/ILI9341" -O0 -ffunction-sections -fdata-sections -Wall -fstack-usage -fcyclomatic-complexity -MMD -MP -MF"Core/Src/stm32f7xx_hal_msp.d" -MT"Core/Src/stm32f7xx_hal_msp.o" --specs=nano.specs -mfpu=fpv5-d16 -mfloat-abi=hard -mthumb -o "Core/Src/stm32f7xx_hal_msp.o"
arm-none-eabi-gcc "../Core/Src/stm32f7xx_it.c" -mcpu=cortex-m7 -std=gnu11 -g3 -DDEBUG -DUSE_HAL_DRIVER -DSTM32F767xx -c -I../Core/Inc -I../Drivers/STM32F7xx_HAL_Driver/Inc -I../Drivers/STM32F7xx_HAL_Driver/Inc/Legacy -I../Drivers/CMSIS/Device/ST/STM32F7xx/Include -I../Drivers/CMSIS/Include -I"/home/northy/Downloads/767_SPI_ILI9341/767_SPI_ILI9341_2/Drivers/ILI9341" -O0 -ffunction-sections -fdata-sections -Wall -fstack-usage -fcyclomatic-complexity -MMD -MP -MF"Core/Src/stm32f7xx_it.d" -MT"Core/Src/stm32f7xx_it.o" --specs=nano.specs -mfpu=fpv5-d16 -mfloat-abi=hard -mthumb -o "Core/Src/stm32f7xx_it.o"
arm-none-eabi-gcc "../Core/Src/syscalls.c" -mcpu=cortex-m7 -std=gnu11 -g3 -DDEBUG -DUSE_HAL_DRIVER -DSTM32F767xx -c -I../Core/Inc -I../Drivers/STM32F7xx_HAL_Driver/Inc -I../Drivers/STM32F7xx_HAL_Driver/Inc/Legacy -I../Drivers/CMSIS/Device/ST/STM32F7xx/Include -I../Drivers/CMSIS/Include -I"/home/northy/Downloads/767_SPI_ILI9341/767_SPI_ILI9341_2/Drivers/ILI9341" -O0 -ffunction-sections -fdata-sections -Wall -fstack-usage -fcyclomatic-complexity -MMD -MP -MF"Core/Src/syscalls.d" -MT"Core/Src/syscalls.o" --specs=nano.specs -mfpu=fpv5-d16 -mfloat-abi=hard -mthumb -o "Core/Src/syscalls.o"
arm-none-eabi-gcc "../Core/Src/sysmem.c" -mcpu=cortex-m7 -std=gnu11 -g3 -DDEBUG -DUSE_HAL_DRIVER -DSTM32F767xx -c -I../Core/Inc -I../Drivers/STM32F7xx_HAL_Driver/Inc -I../Drivers/STM32F7xx_HAL_Driver/Inc/Legacy -I../Drivers/CMSIS/Device/ST/STM32F7xx/Include -I../Drivers/CMSIS/Include -I"/home/northy/Downloads/767_SPI_ILI9341/767_SPI_ILI9341_2/Drivers/ILI9341" -O0 -ffunction-sections -fdata-sections -Wall -fstack-usage -fcyclomatic-complexity -MMD -MP -MF"Core/Src/sysmem.d" -MT"Core/Src/sysmem.o" --specs=nano.specs -mfpu=fpv5-d16 -mfloat-abi=hard -mthumb -o "Core/Src/sysmem.o"
arm-none-eabi-gcc "../Core/Src/system_stm32f7xx.c" -mcpu=cortex-m7 -std=gnu11 -g3 -DDEBUG -DUSE_HAL_DRIVER -DSTM32F767xx -c -I../Core/Inc -I../Drivers/STM32F7xx_HAL_Driver/Inc -I../Drivers/STM32F7xx_HAL_Driver/Inc/Legacy -I../Drivers/CMSIS/Device/ST/STM32F7xx/Include -I../Drivers/CMSIS/Include -I"/home/northy/Downloads/767_SPI_ILI9341/767_SPI_ILI9341_2/Drivers/ILI9341" -O0 -ffunction-sections -fdata-sections -Wall -fstack-usage -fcyclomatic-complexity -MMD -MP -MF"Core/Src/system_stm32f7xx.d" -MT"Core/Src/system_stm32f7xx.o" --specs=nano.specs -mfpu=fpv5-d16 -mfloat-abi=hard -mthumb -o "Core/Src/system_stm32f7xx.o"
arm-none-eabi-gcc "../Core/Src/tim.c" -mcpu=cortex-m7 -std=gnu11 -g3 -DDEBUG -DUSE_HAL_DRIVER -DSTM32F767xx -c -I../Core/Inc -I../Drivers/STM32F7xx_HAL_Driver/Inc -I../Drivers/STM32F7xx_HAL_Driver/Inc/Legacy -I../Drivers/CMSIS/Device/ST/STM32F7xx/Include -I../Drivers/CMSIS/Include -I"/home/northy/Downloads/767_SPI_ILI9341/767_SPI_ILI9341_2/Drivers/ILI9341" -O0 -ffunction-sections -fdata-sections -Wall -fstack-usage -fcyclomatic-complexity -MMD -MP -MF"Core/Src/tim.d" -MT"Core/Src/tim.o" --specs=nano.specs -mfpu=fpv5-d16 -mfloat-abi=hard -mthumb -o "Core/Src/tim.o"
arm-none-eabi-gcc "../Core/Src/usart.c" -mcpu=cortex-m7 -std=gnu11 -g3 -DDEBUG -DUSE_HAL_DRIVER -DSTM32F767xx -c -I../Core/Inc -I../Drivers/STM32F7xx_HAL_Driver/Inc -I../Drivers/STM32F7xx_HAL_Driver/Inc/Legacy -I../Drivers/CMSIS/Device/ST/STM32F7xx/Include -I../Drivers/CMSIS/Include -I"/home/northy/Downloads/767_SPI_ILI9341/767_SPI_ILI9341_2/Drivers/ILI9341" -O0 -ffunction-sections -fdata-sections -Wall -fstack-usage -fcyclomatic-complexity -MMD -MP -MF"Core/Src/usart.d" -MT"Core/Src/usart.o" --specs=nano.specs -mfpu=fpv5-d16 -mfloat-abi=hard -mthumb -o "Core/Src/usart.o"
../Core/Src/main.c: In function 'main':
../Core/Src/main.c:109:16: warning: unused variable 'Mario' [-Wunused-variable]
  109 |         Sprite Mario = {mario, 0, 0, 23, 23};
      |                ^~~~~
arm-none-eabi-gcc -o "767_SPI_ILI9341_2.elf" @"objects.list"   -mcpu=cortex-m7 -T"/home/northy/Downloads/767_SPI_ILI9341/767_SPI_ILI9341_2/STM32F767ZITX_FLASH.ld" --specs=nosys.specs -Wl,-Map="767_SPI_ILI9341_2.map" -Wl,--gc-sections -static --specs=nano.specs -mfpu=fpv5-d16 -mfloat-abi=hard -mthumb -u _printf_float -Wl,--start-group -lc -lm -Wl,--end-group
Finished building target: 767_SPI_ILI9341_2.elf
 
arm-none-eabi-size   767_SPI_ILI9341_2.elf 
arm-none-eabi-objdump -h -S  767_SPI_ILI9341_2.elf  > "767_SPI_ILI9341_2.list"
   text	   data	    bss	    dec	    hex	filename
  34744	    484	   2388	  37616	   92f0	767_SPI_ILI9341_2.elf
Finished building: default.size.stdout
 
Finished building: 767_SPI_ILI9341_2.list
 
10:07:13 **** Incremental Build of configuration Debug for project 767_SPI_ILI9341_2 ****
make -j8 all 
arm-none-eabi-size   767_SPI_ILI9341_2.elf 
   text	   data	    bss	    dec	    hex	filename
  34744	    484	   2388	  37616	   92f0	767_SPI_ILI9341_2.elf
Finished building: default.size.stdout
 
10:07:37 **** Incremental Build of configuration Debug for project 767_SPI_ILI9341_2 ****
make -j8 all 
arm-none-eabi-size   767_SPI_ILI9341_2.elf 
   text	   data	    bss	    dec	    hex	filename
  34744	    484	   2388	  37616	   92f0	767_SPI_ILI9341_2.elf
Finished building: default.size.stdout
 
10:09:10 **** Incremental Build of configuration Debug for project 767_SPI_ILI9341_2 ****
make -j8 all 
arm-none-eabi-size   767_SPI_ILI9341_2.elf 
   text	   data	    bss	    dec	    hex	filename
  34744	    484	   2388	  37616	   92f0	767_SPI_ILI9341_2.elf
Finished building: default.size.stdout
 
10:09:20 **** Incremental Build of configuration Debug for project 767_SPI_ILI9341_2 ****
make -j8 all 
arm-none-eabi-size   767_SPI_ILI9341_2.elf 
   text	   data	    bss	    dec	    hex	filename
  34744	    484	   2388	  37616	   92f0	767_SPI_ILI9341_2.elf
Finished building: default.size.stdout
 
10:11:05 **** Incremental Build of configuration Debug for project 767_SPI_ILI9341_2 ****
make -j8 all 
arm-none-eabi-size   767_SPI_ILI9341_2.elf 
   text	   data	    bss	    dec	    hex	filename
  34744	    484	   2388	  37616	   92f0	767_SPI_ILI9341_2.elf
Finished building: default.size.stdout
 
10:11:51 **** Incremental Build of configuration Debug for project 767_SPI_ILI9341_2 ****
make -j8 all 
arm-none-eabi-gcc "../Core/Src/main.c" -mcpu=cortex-m7 -std=gnu11 -g3 -DDEBUG -DUSE_HAL_DRIVER -DSTM32F767xx -c -I../Core/Inc -I../Drivers/STM32F7xx_HAL_Driver/Inc -I../Drivers/STM32F7xx_HAL_Driver/Inc/Legacy -I../Drivers/CMSIS/Device/ST/STM32F7xx/Include -I../Drivers/CMSIS/Include -I"/home/northy/Downloads/767_SPI_ILI9341/767_SPI_ILI9341_2/Drivers/ILI9341" -O0 -ffunction-sections -fdata-sections -Wall -fstack-usage -fcyclomatic-complexity -MMD -MP -MF"Core/Src/main.d" -MT"Core/Src/main.o" --specs=nano.specs -mfpu=fpv5-d16 -mfloat-abi=hard -mthumb -o "Core/Src/main.o"
../Core/Src/main.c: In function 'main':
../Core/Src/main.c:109:16: warning: unused variable 'Mario' [-Wunused-variable]
  109 |         Sprite Mario = {mario, 0, 0, 23, 23};
      |                ^~~~~
arm-none-eabi-gcc -o "767_SPI_ILI9341_2.elf" @"objects.list"   -mcpu=cortex-m7 -T"/home/northy/Downloads/767_SPI_ILI9341/767_SPI_ILI9341_2/STM32F767ZITX_FLASH.ld" --specs=nosys.specs -Wl,-Map="767_SPI_ILI9341_2.map" -Wl,--gc-sections -static --specs=nano.specs -mfpu=fpv5-d16 -mfloat-abi=hard -mthumb -u _printf_float -Wl,--start-group -lc -lm -Wl,--end-group
Finished building target: 767_SPI_ILI9341_2.elf
 
arm-none-eabi-size   767_SPI_ILI9341_2.elf 
arm-none-eabi-objdump -h -S  767_SPI_ILI9341_2.elf  > "767_SPI_ILI9341_2.list"
   text	   data	    bss	    dec	    hex	filename
  34760	    484	   2388	  37632	   9300	767_SPI_ILI9341_2.elf
Finished building: default.size.stdout
 
Finished building: 767_SPI_ILI9341_2.list
 
10:29:25 **** Incremental Build of configuration Debug for project 767_SPI_ILI9341_2 ****
make -j8 all 
arm-none-eabi-gcc "../Core/Src/main.c" -mcpu=cortex-m7 -std=gnu11 -g3 -DDEBUG -DUSE_HAL_DRIVER -DSTM32F767xx -c -I../Core/Inc -I../Drivers/STM32F7xx_HAL_Driver/Inc -I../Drivers/STM32F7xx_HAL_Driver/Inc/Legacy -I../Drivers/CMSIS/Device/ST/STM32F7xx/Include -I../Drivers/CMSIS/Include -I"/home/northy/Downloads/767_SPI_ILI9341/767_SPI_ILI9341_2/Drivers/ILI9341" -O0 -ffunction-sections -fdata-sections -Wall -fstack-usage -fcyclomatic-complexity -MMD -MP -MF"Core/Src/main.d" -MT"Core/Src/main.o" --specs=nano.specs -mfpu=fpv5-d16 -mfloat-abi=hard -mthumb -o "Core/Src/main.o"
arm-none-eabi-gcc -o "767_SPI_ILI9341_2.elf" @"objects.list"   -mcpu=cortex-m7 -T"/home/northy/Downloads/767_SPI_ILI9341/767_SPI_ILI9341_2/STM32F767ZITX_FLASH.ld" --specs=nosys.specs -Wl,-Map="767_SPI_ILI9341_2.map" -Wl,--gc-sections -static --specs=nano.specs -mfpu=fpv5-d16 -mfloat-abi=hard -mthumb -u _printf_float -Wl,--start-group -lc -lm -Wl,--end-group
Finished building target: 767_SPI_ILI9341_2.elf
 
arm-none-eabi-size   767_SPI_ILI9341_2.elf 
arm-none-eabi-objdump -h -S  767_SPI_ILI9341_2.elf  > "767_SPI_ILI9341_2.list"
   text	   data	    bss	    dec	    hex	filename
  33664	    484	   2388	  36536	   8eb8	767_SPI_ILI9341_2.elf
Finished building: default.size.stdout
 
Finished building: 767_SPI_ILI9341_2.list
 
10:35:29 **** Incremental Build of configuration Debug for project 767_SPI_ILI9341_2 ****
make -j8 all 
arm-none-eabi-gcc "../Core/Src/main.c" -mcpu=cortex-m7 -std=gnu11 -g3 -DDEBUG -DUSE_HAL_DRIVER -DSTM32F767xx -c -I../Core/Inc -I../Drivers/STM32F7xx_HAL_Driver/Inc -I../Drivers/STM32F7xx_HAL_Driver/Inc/Legacy -I../Drivers/CMSIS/Device/ST/STM32F7xx/Include -I../Drivers/CMSIS/Include -I"/home/northy/Downloads/767_SPI_ILI9341/767_SPI_ILI9341_2/Drivers/ILI9341" -O0 -ffunction-sections -fdata-sections -Wall -fstack-usage -fcyclomatic-complexity -MMD -MP -MF"Core/Src/main.d" -MT"Core/Src/main.o" --specs=nano.specs -mfpu=fpv5-d16 -mfloat-abi=hard -mthumb -o "Core/Src/main.o"
arm-none-eabi-gcc -o "767_SPI_ILI9341_2.elf" @"objects.list"   -mcpu=cortex-m7 -T"/home/northy/Downloads/767_SPI_ILI9341/767_SPI_ILI9341_2/STM32F767ZITX_FLASH.ld" --specs=nosys.specs -Wl,-Map="767_SPI_ILI9341_2.map" -Wl,--gc-sections -static --specs=nano.specs -mfpu=fpv5-d16 -mfloat-abi=hard -mthumb -u _printf_float -Wl,--start-group -lc -lm -Wl,--end-group
Finished building target: 767_SPI_ILI9341_2.elf
 
arm-none-eabi-size   767_SPI_ILI9341_2.elf 
arm-none-eabi-objdump -h -S  767_SPI_ILI9341_2.elf  > "767_SPI_ILI9341_2.list"
   text	   data	    bss	    dec	    hex	filename
  33632	    484	   2388	  36504	   8e98	767_SPI_ILI9341_2.elf
Finished building: default.size.stdout
 
Finished building: 767_SPI_ILI9341_2.list
 
10:37:17 **** Incremental Build of configuration Debug for project 767_SPI_ILI9341_2 ****
make -j8 all 
arm-none-eabi-gcc "../Core/Src/main.c" -mcpu=cortex-m7 -std=gnu11 -g3 -DDEBUG -DUSE_HAL_DRIVER -DSTM32F767xx -c -I../Core/Inc -I../Drivers/STM32F7xx_HAL_Driver/Inc -I../Drivers/STM32F7xx_HAL_Driver/Inc/Legacy -I../Drivers/CMSIS/Device/ST/STM32F7xx/Include -I../Drivers/CMSIS/Include -I"/home/northy/Downloads/767_SPI_ILI9341/767_SPI_ILI9341_2/Drivers/ILI9341" -O0 -ffunction-sections -fdata-sections -Wall -fstack-usage -fcyclomatic-complexity -MMD -MP -MF"Core/Src/main.d" -MT"Core/Src/main.o" --specs=nano.specs -mfpu=fpv5-d16 -mfloat-abi=hard -mthumb -o "Core/Src/main.o"
arm-none-eabi-gcc -o "767_SPI_ILI9341_2.elf" @"objects.list"   -mcpu=cortex-m7 -T"/home/northy/Downloads/767_SPI_ILI9341/767_SPI_ILI9341_2/STM32F767ZITX_FLASH.ld" --specs=nosys.specs -Wl,-Map="767_SPI_ILI9341_2.map" -Wl,--gc-sections -static --specs=nano.specs -mfpu=fpv5-d16 -mfloat-abi=hard -mthumb -u _printf_float -Wl,--start-group -lc -lm -Wl,--end-group
Finished building target: 767_SPI_ILI9341_2.elf
 
arm-none-eabi-size   767_SPI_ILI9341_2.elf 
arm-none-eabi-objdump -h -S  767_SPI_ILI9341_2.elf  > "767_SPI_ILI9341_2.list"
   text	   data	    bss	    dec	    hex	filename
  33892	    484	   2388	  36764	   8f9c	767_SPI_ILI9341_2.elf
Finished building: default.size.stdout
 
Finished building: 767_SPI_ILI9341_2.list
 
10:37:57 **** Incremental Build of configuration Debug for project 767_SPI_ILI9341_2 ****
make -j8 all 
arm-none-eabi-gcc "../Core/Src/main.c" -mcpu=cortex-m7 -std=gnu11 -g3 -DDEBUG -DUSE_HAL_DRIVER -DSTM32F767xx -c -I../Core/Inc -I../Drivers/STM32F7xx_HAL_Driver/Inc -I../Drivers/STM32F7xx_HAL_Driver/Inc/Legacy -I../Drivers/CMSIS/Device/ST/STM32F7xx/Include -I../Drivers/CMSIS/Include -I"/home/northy/Downloads/767_SPI_ILI9341/767_SPI_ILI9341_2/Drivers/ILI9341" -O0 -ffunction-sections -fdata-sections -Wall -fstack-usage -fcyclomatic-complexity -MMD -MP -MF"Core/Src/main.d" -MT"Core/Src/main.o" --specs=nano.specs -mfpu=fpv5-d16 -mfloat-abi=hard -mthumb -o "Core/Src/main.o"
arm-none-eabi-gcc -o "767_SPI_ILI9341_2.elf" @"objects.list"   -mcpu=cortex-m7 -T"/home/northy/Downloads/767_SPI_ILI9341/767_SPI_ILI9341_2/STM32F767ZITX_FLASH.ld" --specs=nosys.specs -Wl,-Map="767_SPI_ILI9341_2.map" -Wl,--gc-sections -static --specs=nano.specs -mfpu=fpv5-d16 -mfloat-abi=hard -mthumb -u _printf_float -Wl,--start-group -lc -lm -Wl,--end-group
Finished building target: 767_SPI_ILI9341_2.elf
 
arm-none-eabi-size   767_SPI_ILI9341_2.elf 
arm-none-eabi-objdump -h -S  767_SPI_ILI9341_2.elf  > "767_SPI_ILI9341_2.list"
   text	   data	    bss	    dec	    hex	filename
  33900	    484	   2388	  36772	   8fa4	767_SPI_ILI9341_2.elf
Finished building: default.size.stdout
 
Finished building: 767_SPI_ILI9341_2.list
 
10:38:39 **** Incremental Build of configuration Debug for project 767_SPI_ILI9341_2 ****
make -j8 all 
arm-none-eabi-gcc "../Core/Src/main.c" -mcpu=cortex-m7 -std=gnu11 -g3 -DDEBUG -DUSE_HAL_DRIVER -DSTM32F767xx -c -I../Core/Inc -I../Drivers/STM32F7xx_HAL_Driver/Inc -I../Drivers/STM32F7xx_HAL_Driver/Inc/Legacy -I../Drivers/CMSIS/Device/ST/STM32F7xx/Include -I../Drivers/CMSIS/Include -I"/home/northy/Downloads/767_SPI_ILI9341/767_SPI_ILI9341_2/Drivers/ILI9341" -O0 -ffunction-sections -fdata-sections -Wall -fstack-usage -fcyclomatic-complexity -MMD -MP -MF"Core/Src/main.d" -MT"Core/Src/main.o" --specs=nano.specs -mfpu=fpv5-d16 -mfloat-abi=hard -mthumb -o "Core/Src/main.o"
arm-none-eabi-gcc -o "767_SPI_ILI9341_2.elf" @"objects.list"   -mcpu=cortex-m7 -T"/home/northy/Downloads/767_SPI_ILI9341/767_SPI_ILI9341_2/STM32F767ZITX_FLASH.ld" --specs=nosys.specs -Wl,-Map="767_SPI_ILI9341_2.map" -Wl,--gc-sections -static --specs=nano.specs -mfpu=fpv5-d16 -mfloat-abi=hard -mthumb -u _printf_float -Wl,--start-group -lc -lm -Wl,--end-group
Finished building target: 767_SPI_ILI9341_2.elf
 
arm-none-eabi-size   767_SPI_ILI9341_2.elf 
arm-none-eabi-objdump -h -S  767_SPI_ILI9341_2.elf  > "767_SPI_ILI9341_2.list"
   text	   data	    bss	    dec	    hex	filename
  33908	    484	   2388	  36780	   8fac	767_SPI_ILI9341_2.elf
Finished building: default.size.stdout
 
Finished building: 767_SPI_ILI9341_2.list
 
10:39:41 **** Incremental Build of configuration Debug for project 767_SPI_ILI9341_2 ****
make -j8 all 
arm-none-eabi-gcc "../Core/Src/main.c" -mcpu=cortex-m7 -std=gnu11 -g3 -DDEBUG -DUSE_HAL_DRIVER -DSTM32F767xx -c -I../Core/Inc -I../Drivers/STM32F7xx_HAL_Driver/Inc -I../Drivers/STM32F7xx_HAL_Driver/Inc/Legacy -I../Drivers/CMSIS/Device/ST/STM32F7xx/Include -I../Drivers/CMSIS/Include -I"/home/northy/Downloads/767_SPI_ILI9341/767_SPI_ILI9341_2/Drivers/ILI9341" -O0 -ffunction-sections -fdata-sections -Wall -fstack-usage -fcyclomatic-complexity -MMD -MP -MF"Core/Src/main.d" -MT"Core/Src/main.o" --specs=nano.specs -mfpu=fpv5-d16 -mfloat-abi=hard -mthumb -o "Core/Src/main.o"
arm-none-eabi-gcc -o "767_SPI_ILI9341_2.elf" @"objects.list"   -mcpu=cortex-m7 -T"/home/northy/Downloads/767_SPI_ILI9341/767_SPI_ILI9341_2/STM32F767ZITX_FLASH.ld" --specs=nosys.specs -Wl,-Map="767_SPI_ILI9341_2.map" -Wl,--gc-sections -static --specs=nano.specs -mfpu=fpv5-d16 -mfloat-abi=hard -mthumb -u _printf_float -Wl,--start-group -lc -lm -Wl,--end-group
Finished building target: 767_SPI_ILI9341_2.elf
 
arm-none-eabi-size   767_SPI_ILI9341_2.elf 
arm-none-eabi-objdump -h -S  767_SPI_ILI9341_2.elf  > "767_SPI_ILI9341_2.list"
   text	   data	    bss	    dec	    hex	filename
  33924	    484	   2388	  36796	   8fbc	767_SPI_ILI9341_2.elf
Finished building: default.size.stdout
 
Finished building: 767_SPI_ILI9341_2.list
 
11:45:23 **** Build of configuration Debug for project LED_TEST ****
make -j8 all 
arm-none-eabi-size   LED_TEST.elf 
   text	   data	    bss	    dec	    hex	filename
  12336	     24	   1728	  14088	   3708	LED_TEST.elf
Finished building: default.size.stdout
 
11:46:08 **** Incremental Build of configuration Debug for project LED_TEST ****
make -j8 all 
arm-none-eabi-size   LED_TEST.elf 
   text	   data	    bss	    dec	    hex	filename
  12336	     24	   1728	  14088	   3708	LED_TEST.elf
Finished building: default.size.stdout
 
11:46:37 **** Incremental Build of configuration Debug for project LED_TEST ****
make -j8 all 
arm-none-eabi-gcc "../Core/Src/main.c" -mcpu=cortex-m7 -std=gnu11 -g3 -DDEBUG -DUSE_HAL_DRIVER -DSTM32F767xx -c -I../Core/Inc -I../Drivers/STM32F7xx_HAL_Driver/Inc -I../Drivers/STM32F7xx_HAL_Driver/Inc/Legacy -I../Drivers/CMSIS/Device/ST/STM32F7xx/Include -I../Drivers/CMSIS/Include -O0 -ffunction-sections -fdata-sections -Wall -fstack-usage -fcyclomatic-complexity -MMD -MP -MF"Core/Src/main.d" -MT"Core/Src/main.o" --specs=nano.specs -mfpu=fpv5-d16 -mfloat-abi=hard -mthumb -o "Core/Src/main.o"
arm-none-eabi-gcc -o "LED_TEST.elf" @"objects.list"   -mcpu=cortex-m7 -T"/home/northy/STM32CubeIDE/TEST_MAD/LED_TEST/STM32F767ZITX_FLASH.ld" --specs=nosys.specs -Wl,-Map="LED_TEST.map" -Wl,--gc-sections -static --specs=nano.specs -mfpu=fpv5-d16 -mfloat-abi=hard -mthumb -Wl,--start-group -lc -lm -Wl,--end-group
Finished building target: LED_TEST.elf
 
arm-none-eabi-size   LED_TEST.elf 
arm-none-eabi-objdump -h -S  LED_TEST.elf  > "LED_TEST.list"
   text	   data	    bss	    dec	    hex	filename
  11488	     20	   1716	  13224	   33a8	LED_TEST.elf
Finished building: default.size.stdout
 
Finished building: LED_TEST.list
 
12:24:31 **** Incremental Build of configuration Debug for project 767_SPI_ILI9341_2 ****
make -j8 all 
arm-none-eabi-gcc "../Core/Src/main.c" -mcpu=cortex-m7 -std=gnu11 -g3 -DDEBUG -DUSE_HAL_DRIVER -DSTM32F767xx -c -I../Core/Inc -I../Drivers/STM32F7xx_HAL_Driver/Inc -I../Drivers/STM32F7xx_HAL_Driver/Inc/Legacy -I../Drivers/CMSIS/Device/ST/STM32F7xx/Include -I../Drivers/CMSIS/Include -I"/home/northy/Downloads/767_SPI_ILI9341/767_SPI_ILI9341_2/Drivers/ILI9341" -O0 -ffunction-sections -fdata-sections -Wall -fstack-usage -fcyclomatic-complexity -MMD -MP -MF"Core/Src/main.d" -MT"Core/Src/main.o" --specs=nano.specs -mfpu=fpv5-d16 -mfloat-abi=hard -mthumb -o "Core/Src/main.o"
arm-none-eabi-gcc -o "767_SPI_ILI9341_2.elf" @"objects.list"   -mcpu=cortex-m7 -T"/home/northy/Downloads/767_SPI_ILI9341/767_SPI_ILI9341_2/STM32F767ZITX_FLASH.ld" --specs=nosys.specs -Wl,-Map="767_SPI_ILI9341_2.map" -Wl,--gc-sections -static --specs=nano.specs -mfpu=fpv5-d16 -mfloat-abi=hard -mthumb -u _printf_float -Wl,--start-group -lc -lm -Wl,--end-group
Finished building target: 767_SPI_ILI9341_2.elf
 
arm-none-eabi-size   767_SPI_ILI9341_2.elf 
arm-none-eabi-objdump -h -S  767_SPI_ILI9341_2.elf  > "767_SPI_ILI9341_2.list"
   text	   data	    bss	    dec	    hex	filename
  34692	    484	   2388	  37564	   92bc	767_SPI_ILI9341_2.elf
Finished building: default.size.stdout
 
Finished building: 767_SPI_ILI9341_2.list
 
12:25:45 **** Incremental Build of configuration Debug for project 767_SPI_ILI9341_2 ****
make -j8 all 
arm-none-eabi-size   767_SPI_ILI9341_2.elf 
   text	   data	    bss	    dec	    hex	filename
  34692	    484	   2388	  37564	   92bc	767_SPI_ILI9341_2.elf
Finished building: default.size.stdout
 
12:26:57 **** Incremental Build of configuration Debug for project 767_SPI_ILI9341_2 ****
make -j8 all 
arm-none-eabi-gcc "../Core/Src/main.c" -mcpu=cortex-m7 -std=gnu11 -g3 -DDEBUG -DUSE_HAL_DRIVER -DSTM32F767xx -c -I../Core/Inc -I../Drivers/STM32F7xx_HAL_Driver/Inc -I../Drivers/STM32F7xx_HAL_Driver/Inc/Legacy -I../Drivers/CMSIS/Device/ST/STM32F7xx/Include -I../Drivers/CMSIS/Include -I"/home/northy/Downloads/767_SPI_ILI9341/767_SPI_ILI9341_2/Drivers/ILI9341" -O0 -ffunction-sections -fdata-sections -Wall -fstack-usage -fcyclomatic-complexity -MMD -MP -MF"Core/Src/main.d" -MT"Core/Src/main.o" --specs=nano.specs -mfpu=fpv5-d16 -mfloat-abi=hard -mthumb -o "Core/Src/main.o"
arm-none-eabi-gcc -o "767_SPI_ILI9341_2.elf" @"objects.list"   -mcpu=cortex-m7 -T"/home/northy/Downloads/767_SPI_ILI9341/767_SPI_ILI9341_2/STM32F767ZITX_FLASH.ld" --specs=nosys.specs -Wl,-Map="767_SPI_ILI9341_2.map" -Wl,--gc-sections -static --specs=nano.specs -mfpu=fpv5-d16 -mfloat-abi=hard -mthumb -u _printf_float -Wl,--start-group -lc -lm -Wl,--end-group
Finished building target: 767_SPI_ILI9341_2.elf
 
arm-none-eabi-size   767_SPI_ILI9341_2.elf 
arm-none-eabi-objdump -h -S  767_SPI_ILI9341_2.elf  > "767_SPI_ILI9341_2.list"
   text	   data	    bss	    dec	    hex	filename
  34716	    484	   2388	  37588	   92d4	767_SPI_ILI9341_2.elf
Finished building: default.size.stdout
 
Finished building: 767_SPI_ILI9341_2.list
 
12:28:21 **** Incremental Build of configuration Debug for project 767_SPI_ILI9341_2 ****
make -j8 all 
arm-none-eabi-gcc "../Core/Src/main.c" -mcpu=cortex-m7 -std=gnu11 -g3 -DDEBUG -DUSE_HAL_DRIVER -DSTM32F767xx -c -I../Core/Inc -I../Drivers/STM32F7xx_HAL_Driver/Inc -I../Drivers/STM32F7xx_HAL_Driver/Inc/Legacy -I../Drivers/CMSIS/Device/ST/STM32F7xx/Include -I../Drivers/CMSIS/Include -I"/home/northy/Downloads/767_SPI_ILI9341/767_SPI_ILI9341_2/Drivers/ILI9341" -O0 -ffunction-sections -fdata-sections -Wall -fstack-usage -fcyclomatic-complexity -MMD -MP -MF"Core/Src/main.d" -MT"Core/Src/main.o" --specs=nano.specs -mfpu=fpv5-d16 -mfloat-abi=hard -mthumb -o "Core/Src/main.o"
arm-none-eabi-gcc -o "767_SPI_ILI9341_2.elf" @"objects.list"   -mcpu=cortex-m7 -T"/home/northy/Downloads/767_SPI_ILI9341/767_SPI_ILI9341_2/STM32F767ZITX_FLASH.ld" --specs=nosys.specs -Wl,-Map="767_SPI_ILI9341_2.map" -Wl,--gc-sections -static --specs=nano.specs -mfpu=fpv5-d16 -mfloat-abi=hard -mthumb -u _printf_float -Wl,--start-group -lc -lm -Wl,--end-group
Finished building target: 767_SPI_ILI9341_2.elf
 
arm-none-eabi-size   767_SPI_ILI9341_2.elf 
arm-none-eabi-objdump -h -S  767_SPI_ILI9341_2.elf  > "767_SPI_ILI9341_2.list"
   text	   data	    bss	    dec	    hex	filename
  34620	    484	   2388	  37492	   9274	767_SPI_ILI9341_2.elf
Finished building: default.size.stdout
 
Finished building: 767_SPI_ILI9341_2.list
 
12:29:38 **** Incremental Build of configuration Debug for project 767_SPI_ILI9341_2 ****
make -j8 all 
arm-none-eabi-gcc "../Core/Src/main.c" -mcpu=cortex-m7 -std=gnu11 -g3 -DDEBUG -DUSE_HAL_DRIVER -DSTM32F767xx -c -I../Core/Inc -I../Drivers/STM32F7xx_HAL_Driver/Inc -I../Drivers/STM32F7xx_HAL_Driver/Inc/Legacy -I../Drivers/CMSIS/Device/ST/STM32F7xx/Include -I../Drivers/CMSIS/Include -I"/home/northy/Downloads/767_SPI_ILI9341/767_SPI_ILI9341_2/Drivers/ILI9341" -O0 -ffunction-sections -fdata-sections -Wall -fstack-usage -fcyclomatic-complexity -MMD -MP -MF"Core/Src/main.d" -MT"Core/Src/main.o" --specs=nano.specs -mfpu=fpv5-d16 -mfloat-abi=hard -mthumb -o "Core/Src/main.o"
arm-none-eabi-gcc -o "767_SPI_ILI9341_2.elf" @"objects.list"   -mcpu=cortex-m7 -T"/home/northy/Downloads/767_SPI_ILI9341/767_SPI_ILI9341_2/STM32F767ZITX_FLASH.ld" --specs=nosys.specs -Wl,-Map="767_SPI_ILI9341_2.map" -Wl,--gc-sections -static --specs=nano.specs -mfpu=fpv5-d16 -mfloat-abi=hard -mthumb -u _printf_float -Wl,--start-group -lc -lm -Wl,--end-group
Finished building target: 767_SPI_ILI9341_2.elf
 
arm-none-eabi-size   767_SPI_ILI9341_2.elf 
arm-none-eabi-objdump -h -S  767_SPI_ILI9341_2.elf  > "767_SPI_ILI9341_2.list"
   text	   data	    bss	    dec	    hex	filename
  34620	    484	   2388	  37492	   9274	767_SPI_ILI9341_2.elf
Finished building: default.size.stdout
 
Finished building: 767_SPI_ILI9341_2.list
 
12:31:23 **** Incremental Build of configuration Debug for project 767_SPI_ILI9341_2 ****
make -j8 all 
arm-none-eabi-gcc "../Core/Src/main.c" -mcpu=cortex-m7 -std=gnu11 -g3 -DDEBUG -DUSE_HAL_DRIVER -DSTM32F767xx -c -I../Core/Inc -I../Drivers/STM32F7xx_HAL_Driver/Inc -I../Drivers/STM32F7xx_HAL_Driver/Inc/Legacy -I../Drivers/CMSIS/Device/ST/STM32F7xx/Include -I../Drivers/CMSIS/Include -I"/home/northy/Downloads/767_SPI_ILI9341/767_SPI_ILI9341_2/Drivers/ILI9341" -O0 -ffunction-sections -fdata-sections -Wall -fstack-usage -fcyclomatic-complexity -MMD -MP -MF"Core/Src/main.d" -MT"Core/Src/main.o" --specs=nano.specs -mfpu=fpv5-d16 -mfloat-abi=hard -mthumb -o "Core/Src/main.o"
arm-none-eabi-gcc -o "767_SPI_ILI9341_2.elf" @"objects.list"   -mcpu=cortex-m7 -T"/home/northy/Downloads/767_SPI_ILI9341/767_SPI_ILI9341_2/STM32F767ZITX_FLASH.ld" --specs=nosys.specs -Wl,-Map="767_SPI_ILI9341_2.map" -Wl,--gc-sections -static --specs=nano.specs -mfpu=fpv5-d16 -mfloat-abi=hard -mthumb -u _printf_float -Wl,--start-group -lc -lm -Wl,--end-group
Finished building target: 767_SPI_ILI9341_2.elf
 
arm-none-eabi-size   767_SPI_ILI9341_2.elf 
arm-none-eabi-objdump -h -S  767_SPI_ILI9341_2.elf  > "767_SPI_ILI9341_2.list"
   text	   data	    bss	    dec	    hex	filename
  33688	    480	   2376	  36544	   8ec0	767_SPI_ILI9341_2.elf
Finished building: default.size.stdout
 
Finished building: 767_SPI_ILI9341_2.list
 
12:33:12 **** Incremental Build of configuration Debug for project 767_SPI_ILI9341_2 ****
make -j8 all 
arm-none-eabi-gcc "../Core/Src/main.c" -mcpu=cortex-m7 -std=gnu11 -g3 -DDEBUG -DUSE_HAL_DRIVER -DSTM32F767xx -c -I../Core/Inc -I../Drivers/STM32F7xx_HAL_Driver/Inc -I../Drivers/STM32F7xx_HAL_Driver/Inc/Legacy -I../Drivers/CMSIS/Device/ST/STM32F7xx/Include -I../Drivers/CMSIS/Include -I"/home/northy/Downloads/767_SPI_ILI9341/767_SPI_ILI9341_2/Drivers/ILI9341" -O0 -ffunction-sections -fdata-sections -Wall -fstack-usage -fcyclomatic-complexity -MMD -MP -MF"Core/Src/main.d" -MT"Core/Src/main.o" --specs=nano.specs -mfpu=fpv5-d16 -mfloat-abi=hard -mthumb -o "Core/Src/main.o"
arm-none-eabi-gcc -o "767_SPI_ILI9341_2.elf" @"objects.list"   -mcpu=cortex-m7 -T"/home/northy/Downloads/767_SPI_ILI9341/767_SPI_ILI9341_2/STM32F767ZITX_FLASH.ld" --specs=nosys.specs -Wl,-Map="767_SPI_ILI9341_2.map" -Wl,--gc-sections -static --specs=nano.specs -mfpu=fpv5-d16 -mfloat-abi=hard -mthumb -u _printf_float -Wl,--start-group -lc -lm -Wl,--end-group
Finished building target: 767_SPI_ILI9341_2.elf
 
arm-none-eabi-size   767_SPI_ILI9341_2.elf 
arm-none-eabi-objdump -h -S  767_SPI_ILI9341_2.elf  > "767_SPI_ILI9341_2.list"
   text	   data	    bss	    dec	    hex	filename
  34644	    484	   2388	  37516	   928c	767_SPI_ILI9341_2.elf
Finished building: default.size.stdout
 
Finished building: 767_SPI_ILI9341_2.list
 
12:34:10 **** Incremental Build of configuration Debug for project 767_SPI_ILI9341_2 ****
make -j8 all 
arm-none-eabi-gcc "../Core/Src/main.c" -mcpu=cortex-m7 -std=gnu11 -g3 -DDEBUG -DUSE_HAL_DRIVER -DSTM32F767xx -c -I../Core/Inc -I../Drivers/STM32F7xx_HAL_Driver/Inc -I../Drivers/STM32F7xx_HAL_Driver/Inc/Legacy -I../Drivers/CMSIS/Device/ST/STM32F7xx/Include -I../Drivers/CMSIS/Include -I"/home/northy/Downloads/767_SPI_ILI9341/767_SPI_ILI9341_2/Drivers/ILI9341" -O0 -ffunction-sections -fdata-sections -Wall -fstack-usage -fcyclomatic-complexity -MMD -MP -MF"Core/Src/main.d" -MT"Core/Src/main.o" --specs=nano.specs -mfpu=fpv5-d16 -mfloat-abi=hard -mthumb -o "Core/Src/main.o"
arm-none-eabi-gcc -o "767_SPI_ILI9341_2.elf" @"objects.list"   -mcpu=cortex-m7 -T"/home/northy/Downloads/767_SPI_ILI9341/767_SPI_ILI9341_2/STM32F767ZITX_FLASH.ld" --specs=nosys.specs -Wl,-Map="767_SPI_ILI9341_2.map" -Wl,--gc-sections -static --specs=nano.specs -mfpu=fpv5-d16 -mfloat-abi=hard -mthumb -u _printf_float -Wl,--start-group -lc -lm -Wl,--end-group
Finished building target: 767_SPI_ILI9341_2.elf
 
arm-none-eabi-size   767_SPI_ILI9341_2.elf 
arm-none-eabi-objdump -h -S  767_SPI_ILI9341_2.elf  > "767_SPI_ILI9341_2.list"
   text	   data	    bss	    dec	    hex	filename
  34668	    484	   2388	  37540	   92a4	767_SPI_ILI9341_2.elf
Finished building: default.size.stdout
 
Finished building: 767_SPI_ILI9341_2.list
 
12:36:33 **** Incremental Build of configuration Debug for project 767_SPI_ILI9341_2 ****
make -j8 all 
arm-none-eabi-gcc "../Core/Src/main.c" -mcpu=cortex-m7 -std=gnu11 -g3 -DDEBUG -DUSE_HAL_DRIVER -DSTM32F767xx -c -I../Core/Inc -I../Drivers/STM32F7xx_HAL_Driver/Inc -I../Drivers/STM32F7xx_HAL_Driver/Inc/Legacy -I../Drivers/CMSIS/Device/ST/STM32F7xx/Include -I../Drivers/CMSIS/Include -I"/home/northy/Downloads/767_SPI_ILI9341/767_SPI_ILI9341_2/Drivers/ILI9341" -O0 -ffunction-sections -fdata-sections -Wall -fstack-usage -fcyclomatic-complexity -MMD -MP -MF"Core/Src/main.d" -MT"Core/Src/main.o" --specs=nano.specs -mfpu=fpv5-d16 -mfloat-abi=hard -mthumb -o "Core/Src/main.o"
arm-none-eabi-gcc -o "767_SPI_ILI9341_2.elf" @"objects.list"   -mcpu=cortex-m7 -T"/home/northy/Downloads/767_SPI_ILI9341/767_SPI_ILI9341_2/STM32F767ZITX_FLASH.ld" --specs=nosys.specs -Wl,-Map="767_SPI_ILI9341_2.map" -Wl,--gc-sections -static --specs=nano.specs -mfpu=fpv5-d16 -mfloat-abi=hard -mthumb -u _printf_float -Wl,--start-group -lc -lm -Wl,--end-group
Finished building target: 767_SPI_ILI9341_2.elf
 
arm-none-eabi-size   767_SPI_ILI9341_2.elf 
arm-none-eabi-objdump -h -S  767_SPI_ILI9341_2.elf  > "767_SPI_ILI9341_2.list"
   text	   data	    bss	    dec	    hex	filename
  34716	    484	   2388	  37588	   92d4	767_SPI_ILI9341_2.elf
Finished building: default.size.stdout
 
Finished building: 767_SPI_ILI9341_2.list
 
12:45:30 **** Incremental Build of configuration Debug for project 767_SPI_ILI9341_2 ****
make -j8 all 
arm-none-eabi-gcc "../Core/Src/main.c" -mcpu=cortex-m7 -std=gnu11 -g3 -DDEBUG -DUSE_HAL_DRIVER -DSTM32F767xx -c -I../Core/Inc -I../Drivers/STM32F7xx_HAL_Driver/Inc -I../Drivers/STM32F7xx_HAL_Driver/Inc/Legacy -I../Drivers/CMSIS/Device/ST/STM32F7xx/Include -I../Drivers/CMSIS/Include -I"/home/northy/Downloads/767_SPI_ILI9341/767_SPI_ILI9341_2/Drivers/ILI9341" -O0 -ffunction-sections -fdata-sections -Wall -fstack-usage -fcyclomatic-complexity -MMD -MP -MF"Core/Src/main.d" -MT"Core/Src/main.o" --specs=nano.specs -mfpu=fpv5-d16 -mfloat-abi=hard -mthumb -o "Core/Src/main.o"
arm-none-eabi-gcc -o "767_SPI_ILI9341_2.elf" @"objects.list"   -mcpu=cortex-m7 -T"/home/northy/Downloads/767_SPI_ILI9341/767_SPI_ILI9341_2/STM32F767ZITX_FLASH.ld" --specs=nosys.specs -Wl,-Map="767_SPI_ILI9341_2.map" -Wl,--gc-sections -static --specs=nano.specs -mfpu=fpv5-d16 -mfloat-abi=hard -mthumb -u _printf_float -Wl,--start-group -lc -lm -Wl,--end-group
Finished building target: 767_SPI_ILI9341_2.elf
 
arm-none-eabi-size   767_SPI_ILI9341_2.elf 
arm-none-eabi-objdump -h -S  767_SPI_ILI9341_2.elf  > "767_SPI_ILI9341_2.list"
   text	   data	    bss	    dec	    hex	filename
  34724	    484	   2388	  37596	   92dc	767_SPI_ILI9341_2.elf
Finished building: default.size.stdout
 
Finished building: 767_SPI_ILI9341_2.list
 
12:49:24 **** Incremental Build of configuration Debug for project 767_SPI_ILI9341_2 ****
make -j8 all 
arm-none-eabi-gcc "../Core/Src/main.c" -mcpu=cortex-m7 -std=gnu11 -g3 -DDEBUG -DUSE_HAL_DRIVER -DSTM32F767xx -c -I../Core/Inc -I../Drivers/STM32F7xx_HAL_Driver/Inc -I../Drivers/STM32F7xx_HAL_Driver/Inc/Legacy -I../Drivers/CMSIS/Device/ST/STM32F7xx/Include -I../Drivers/CMSIS/Include -I"/home/northy/Downloads/767_SPI_ILI9341/767_SPI_ILI9341_2/Drivers/ILI9341" -O0 -ffunction-sections -fdata-sections -Wall -fstack-usage -fcyclomatic-complexity -MMD -MP -MF"Core/Src/main.d" -MT"Core/Src/main.o" --specs=nano.specs -mfpu=fpv5-d16 -mfloat-abi=hard -mthumb -o "Core/Src/main.o"
arm-none-eabi-gcc -o "767_SPI_ILI9341_2.elf" @"objects.list"   -mcpu=cortex-m7 -T"/home/northy/Downloads/767_SPI_ILI9341/767_SPI_ILI9341_2/STM32F767ZITX_FLASH.ld" --specs=nosys.specs -Wl,-Map="767_SPI_ILI9341_2.map" -Wl,--gc-sections -static --specs=nano.specs -mfpu=fpv5-d16 -mfloat-abi=hard -mthumb -u _printf_float -Wl,--start-group -lc -lm -Wl,--end-group
Finished building target: 767_SPI_ILI9341_2.elf
 
arm-none-eabi-size   767_SPI_ILI9341_2.elf 
arm-none-eabi-objdump -h -S  767_SPI_ILI9341_2.elf  > "767_SPI_ILI9341_2.list"
   text	   data	    bss	    dec	    hex	filename
  34748	    484	   2388	  37620	   92f4	767_SPI_ILI9341_2.elf
Finished building: default.size.stdout
 
Finished building: 767_SPI_ILI9341_2.list
 
12:56:28 **** Incremental Build of configuration Debug for project 767_SPI_ILI9341_2 ****
make -j8 all 
arm-none-eabi-gcc "../Core/Src/main.c" -mcpu=cortex-m7 -std=gnu11 -g3 -DDEBUG -DUSE_HAL_DRIVER -DSTM32F767xx -c -I../Core/Inc -I../Drivers/STM32F7xx_HAL_Driver/Inc -I../Drivers/STM32F7xx_HAL_Driver/Inc/Legacy -I../Drivers/CMSIS/Device/ST/STM32F7xx/Include -I../Drivers/CMSIS/Include -I"/home/northy/Downloads/767_SPI_ILI9341/767_SPI_ILI9341_2/Drivers/ILI9341" -O0 -ffunction-sections -fdata-sections -Wall -fstack-usage -fcyclomatic-complexity -MMD -MP -MF"Core/Src/main.d" -MT"Core/Src/main.o" --specs=nano.specs -mfpu=fpv5-d16 -mfloat-abi=hard -mthumb -o "Core/Src/main.o"
arm-none-eabi-gcc -o "767_SPI_ILI9341_2.elf" @"objects.list"   -mcpu=cortex-m7 -T"/home/northy/Downloads/767_SPI_ILI9341/767_SPI_ILI9341_2/STM32F767ZITX_FLASH.ld" --specs=nosys.specs -Wl,-Map="767_SPI_ILI9341_2.map" -Wl,--gc-sections -static --specs=nano.specs -mfpu=fpv5-d16 -mfloat-abi=hard -mthumb -u _printf_float -Wl,--start-group -lc -lm -Wl,--end-group
Finished building target: 767_SPI_ILI9341_2.elf
 
arm-none-eabi-size   767_SPI_ILI9341_2.elf 
arm-none-eabi-objdump -h -S  767_SPI_ILI9341_2.elf  > "767_SPI_ILI9341_2.list"
   text	   data	    bss	    dec	    hex	filename
  37332	    484	   2396	  40212	   9d14	767_SPI_ILI9341_2.elf
Finished building: default.size.stdout
 
Finished building: 767_SPI_ILI9341_2.list
 
12:56:55 **** Incremental Build of configuration Debug for project 767_SPI_ILI9341_2 ****
make -j8 all 
arm-none-eabi-gcc "../Core/Src/main.c" -mcpu=cortex-m7 -std=gnu11 -g3 -DDEBUG -DUSE_HAL_DRIVER -DSTM32F767xx -c -I../Core/Inc -I../Drivers/STM32F7xx_HAL_Driver/Inc -I../Drivers/STM32F7xx_HAL_Driver/Inc/Legacy -I../Drivers/CMSIS/Device/ST/STM32F7xx/Include -I../Drivers/CMSIS/Include -I"/home/northy/Downloads/767_SPI_ILI9341/767_SPI_ILI9341_2/Drivers/ILI9341" -O0 -ffunction-sections -fdata-sections -Wall -fstack-usage -fcyclomatic-complexity -MMD -MP -MF"Core/Src/main.d" -MT"Core/Src/main.o" --specs=nano.specs -mfpu=fpv5-d16 -mfloat-abi=hard -mthumb -o "Core/Src/main.o"
arm-none-eabi-gcc -o "767_SPI_ILI9341_2.elf" @"objects.list"   -mcpu=cortex-m7 -T"/home/northy/Downloads/767_SPI_ILI9341/767_SPI_ILI9341_2/STM32F767ZITX_FLASH.ld" --specs=nosys.specs -Wl,-Map="767_SPI_ILI9341_2.map" -Wl,--gc-sections -static --specs=nano.specs -mfpu=fpv5-d16 -mfloat-abi=hard -mthumb -u _printf_float -Wl,--start-group -lc -lm -Wl,--end-group
Finished building target: 767_SPI_ILI9341_2.elf
 
arm-none-eabi-size   767_SPI_ILI9341_2.elf 
arm-none-eabi-objdump -h -S  767_SPI_ILI9341_2.elf  > "767_SPI_ILI9341_2.list"
   text	   data	    bss	    dec	    hex	filename
  37332	    484	   2396	  40212	   9d14	767_SPI_ILI9341_2.elf
Finished building: default.size.stdout
 
Finished building: 767_SPI_ILI9341_2.list
 
12:57:39 **** Incremental Build of configuration Debug for project 767_SPI_ILI9341_2 ****
make -j8 all 
arm-none-eabi-gcc "../Core/Src/main.c" -mcpu=cortex-m7 -std=gnu11 -g3 -DDEBUG -DUSE_HAL_DRIVER -DSTM32F767xx -c -I../Core/Inc -I../Drivers/STM32F7xx_HAL_Driver/Inc -I../Drivers/STM32F7xx_HAL_Driver/Inc/Legacy -I../Drivers/CMSIS/Device/ST/STM32F7xx/Include -I../Drivers/CMSIS/Include -I"/home/northy/Downloads/767_SPI_ILI9341/767_SPI_ILI9341_2/Drivers/ILI9341" -O0 -ffunction-sections -fdata-sections -Wall -fstack-usage -fcyclomatic-complexity -MMD -MP -MF"Core/Src/main.d" -MT"Core/Src/main.o" --specs=nano.specs -mfpu=fpv5-d16 -mfloat-abi=hard -mthumb -o "Core/Src/main.o"
arm-none-eabi-gcc -o "767_SPI_ILI9341_2.elf" @"objects.list"   -mcpu=cortex-m7 -T"/home/northy/Downloads/767_SPI_ILI9341/767_SPI_ILI9341_2/STM32F767ZITX_FLASH.ld" --specs=nosys.specs -Wl,-Map="767_SPI_ILI9341_2.map" -Wl,--gc-sections -static --specs=nano.specs -mfpu=fpv5-d16 -mfloat-abi=hard -mthumb -u _printf_float -Wl,--start-group -lc -lm -Wl,--end-group
Finished building target: 767_SPI_ILI9341_2.elf
 
arm-none-eabi-size   767_SPI_ILI9341_2.elf 
arm-none-eabi-objdump -h -S  767_SPI_ILI9341_2.elf  > "767_SPI_ILI9341_2.list"
   text	   data	    bss	    dec	    hex	filename
  37380	    484	   2396	  40260	   9d44	767_SPI_ILI9341_2.elf
Finished building: default.size.stdout
 
Finished building: 767_SPI_ILI9341_2.list
 
12:58:38 **** Incremental Build of configuration Debug for project 767_SPI_ILI9341_2 ****
make -j8 all 
arm-none-eabi-gcc "../Core/Src/main.c" -mcpu=cortex-m7 -std=gnu11 -g3 -DDEBUG -DUSE_HAL_DRIVER -DSTM32F767xx -c -I../Core/Inc -I../Drivers/STM32F7xx_HAL_Driver/Inc -I../Drivers/STM32F7xx_HAL_Driver/Inc/Legacy -I../Drivers/CMSIS/Device/ST/STM32F7xx/Include -I../Drivers/CMSIS/Include -I"/home/northy/Downloads/767_SPI_ILI9341/767_SPI_ILI9341_2/Drivers/ILI9341" -O0 -ffunction-sections -fdata-sections -Wall -fstack-usage -fcyclomatic-complexity -MMD -MP -MF"Core/Src/main.d" -MT"Core/Src/main.o" --specs=nano.specs -mfpu=fpv5-d16 -mfloat-abi=hard -mthumb -o "Core/Src/main.o"
arm-none-eabi-gcc -o "767_SPI_ILI9341_2.elf" @"objects.list"   -mcpu=cortex-m7 -T"/home/northy/Downloads/767_SPI_ILI9341/767_SPI_ILI9341_2/STM32F767ZITX_FLASH.ld" --specs=nosys.specs -Wl,-Map="767_SPI_ILI9341_2.map" -Wl,--gc-sections -static --specs=nano.specs -mfpu=fpv5-d16 -mfloat-abi=hard -mthumb -u _printf_float -Wl,--start-group -lc -lm -Wl,--end-group
Finished building target: 767_SPI_ILI9341_2.elf
 
arm-none-eabi-size   767_SPI_ILI9341_2.elf 
arm-none-eabi-objdump -h -S  767_SPI_ILI9341_2.elf  > "767_SPI_ILI9341_2.list"
   text	   data	    bss	    dec	    hex	filename
  37380	    484	   2396	  40260	   9d44	767_SPI_ILI9341_2.elf
Finished building: default.size.stdout
 
Finished building: 767_SPI_ILI9341_2.list
 
13:00:42 **** Incremental Build of configuration Debug for project 767_SPI_ILI9341_2 ****
make -j8 all 
arm-none-eabi-gcc "../Core/Src/main.c" -mcpu=cortex-m7 -std=gnu11 -g3 -DDEBUG -DUSE_HAL_DRIVER -DSTM32F767xx -c -I../Core/Inc -I../Drivers/STM32F7xx_HAL_Driver/Inc -I../Drivers/STM32F7xx_HAL_Driver/Inc/Legacy -I../Drivers/CMSIS/Device/ST/STM32F7xx/Include -I../Drivers/CMSIS/Include -I"/home/northy/Downloads/767_SPI_ILI9341/767_SPI_ILI9341_2/Drivers/ILI9341" -O0 -ffunction-sections -fdata-sections -Wall -fstack-usage -fcyclomatic-complexity -MMD -MP -MF"Core/Src/main.d" -MT"Core/Src/main.o" --specs=nano.specs -mfpu=fpv5-d16 -mfloat-abi=hard -mthumb -o "Core/Src/main.o"
arm-none-eabi-gcc -o "767_SPI_ILI9341_2.elf" @"objects.list"   -mcpu=cortex-m7 -T"/home/northy/Downloads/767_SPI_ILI9341/767_SPI_ILI9341_2/STM32F767ZITX_FLASH.ld" --specs=nosys.specs -Wl,-Map="767_SPI_ILI9341_2.map" -Wl,--gc-sections -static --specs=nano.specs -mfpu=fpv5-d16 -mfloat-abi=hard -mthumb -u _printf_float -Wl,--start-group -lc -lm -Wl,--end-group
Finished building target: 767_SPI_ILI9341_2.elf
 
arm-none-eabi-size   767_SPI_ILI9341_2.elf 
arm-none-eabi-objdump -h -S  767_SPI_ILI9341_2.elf  > "767_SPI_ILI9341_2.list"
   text	   data	    bss	    dec	    hex	filename
  37468	    484	   2396	  40348	   9d9c	767_SPI_ILI9341_2.elf
Finished building: default.size.stdout
 
Finished building: 767_SPI_ILI9341_2.list
 
13:01:21 **** Incremental Build of configuration Debug for project 767_SPI_ILI9341_2 ****
make -j8 all 
arm-none-eabi-gcc "../Core/Src/main.c" -mcpu=cortex-m7 -std=gnu11 -g3 -DDEBUG -DUSE_HAL_DRIVER -DSTM32F767xx -c -I../Core/Inc -I../Drivers/STM32F7xx_HAL_Driver/Inc -I../Drivers/STM32F7xx_HAL_Driver/Inc/Legacy -I../Drivers/CMSIS/Device/ST/STM32F7xx/Include -I../Drivers/CMSIS/Include -I"/home/northy/Downloads/767_SPI_ILI9341/767_SPI_ILI9341_2/Drivers/ILI9341" -O0 -ffunction-sections -fdata-sections -Wall -fstack-usage -fcyclomatic-complexity -MMD -MP -MF"Core/Src/main.d" -MT"Core/Src/main.o" --specs=nano.specs -mfpu=fpv5-d16 -mfloat-abi=hard -mthumb -o "Core/Src/main.o"
arm-none-eabi-gcc -o "767_SPI_ILI9341_2.elf" @"objects.list"   -mcpu=cortex-m7 -T"/home/northy/Downloads/767_SPI_ILI9341/767_SPI_ILI9341_2/STM32F767ZITX_FLASH.ld" --specs=nosys.specs -Wl,-Map="767_SPI_ILI9341_2.map" -Wl,--gc-sections -static --specs=nano.specs -mfpu=fpv5-d16 -mfloat-abi=hard -mthumb -u _printf_float -Wl,--start-group -lc -lm -Wl,--end-group
Finished building target: 767_SPI_ILI9341_2.elf
 
arm-none-eabi-size   767_SPI_ILI9341_2.elf 
arm-none-eabi-objdump -h -S  767_SPI_ILI9341_2.elf  > "767_SPI_ILI9341_2.list"
   text	   data	    bss	    dec	    hex	filename
  37476	    484	   2396	  40356	   9da4	767_SPI_ILI9341_2.elf
Finished building: default.size.stdout
 
Finished building: 767_SPI_ILI9341_2.list
 
