20:00:48 **** Incremental Build of configuration Debug for project LED_TEST ****
make -j8 all 
arm-none-eabi-gcc "../Core/Src/main.c" -mcpu=cortex-m7 -std=gnu11 -g3 -DDEBUG -DUSE_HAL_DRIVER -DSTM32F767xx -c -I../Core/Inc -I../Drivers/STM32F7xx_HAL_Driver/Inc -I../Drivers/STM32F7xx_HAL_Driver/Inc/Legacy -I../Drivers/CMSIS/Device/ST/STM32F7xx/Include -I../Drivers/CMSIS/Include -O0 -ffunction-sections -fdata-sections -Wall -fstack-usage -fcyclomatic-complexity -MMD -MP -MF"Core/Src/main.d" -MT"Core/Src/main.o" --specs=nano.specs -mfpu=fpv5-d16 -mfloat-abi=hard -mthumb -o "Core/Src/main.o"
arm-none-eabi-gcc -o "LED_TEST.elf" @"objects.list"   -mcpu=cortex-m7 -T"/home/northy/STM32CubeIDE/TEST_MAD/LED_TEST/STM32F767ZITX_FLASH.ld" --specs=nosys.specs -Wl,-Map="LED_TEST.map" -Wl,--gc-sections -static --specs=nano.specs -mfpu=fpv5-d16 -mfloat-abi=hard -mthumb -Wl,--start-group -lc -lm -Wl,--end-group
Finished building target: LED_TEST.elf
 
arm-none-eabi-size   LED_TEST.elf 
arm-none-eabi-objdump -h -S  LED_TEST.elf  > "LED_TEST.list"
   text	   data	    bss	    dec	    hex	filename
  12336	     24	   1728	  14088	   3708	LED_TEST.elf
Finished building: default.size.stdout
 
Finished building: LED_TEST.list
 

20:00:50 Build Finished. 0 errors, 0 warnings. (took 1s.486ms)

