09:45:57 **** Incremental Build of configuration Debug for project Tutorial ****
make -j8 all 
arm-none-eabi-gcc "../Core/Src/main.c" -mcpu=cortex-m7 -std=gnu11 -g3 -DDEBUG -DUSE_HAL_DRIVER -DSTM32F767xx -c -I../Core/Inc -I../Drivers/STM32F7xx_HAL_Driver/Inc -I../Drivers/STM32F7xx_HAL_Driver/Inc/Legacy -I../Drivers/CMSIS/Device/ST/STM32F7xx/Include -I../Drivers/CMSIS/Include -O0 -ffunction-sections -fdata-sections -Wall -fstack-usage -fcyclomatic-complexity -MMD -MP -MF"Core/Src/main.d" -MT"Core/Src/main.o" --specs=nano.specs -mfpu=fpv5-d16 -mfloat-abi=hard -mthumb -o "Core/Src/main.o"
../Core/Src/main.c:58:13: warning: 'MPU_Initialize' declared 'static' but never defined [-Wunused-function]
   58 | static void MPU_Initialize(void);
      |             ^~~~~~~~~~~~~~
arm-none-eabi-gcc -o "Tutorial.elf" @"objects.list"   -mcpu=cortex-m7 -T"/home/northy/STM32CubeIDE/TEST_MAD/Tutorial/STM32F767ZITX_FLASH.ld" --specs=nosys.specs -Wl,-Map="Tutorial.map" -Wl,--gc-sections -static --specs=nano.specs -mfpu=fpv5-d16 -mfloat-abi=hard -mthumb -Wl,--start-group -lc -lm -Wl,--end-group
Finished building target: Tutorial.elf
 
arm-none-eabi-size   Tutorial.elf 
arm-none-eabi-objdump -h -S  Tutorial.elf  > "Tutorial.list"
   text	   data	    bss	    dec	    hex	filename
  13268	     24	   1728	  15020	   3aac	Tutorial.elf
Finished building: default.size.stdout
 
Finished building: Tutorial.list
 

09:45:58 Build Finished. 0 errors, 1 warnings. (took 1s.340ms)

